2024-03-04T00:37:02.018085+00:00 seruelas kernel: [    0.000000] Linux version 6.2.0-39-generic (buildd@bos03-amd64-014) (x86_64-linux-gnu-gcc-12 (Ubuntu 12.3.0-1ubuntu1~23.04) 12.3.0, GNU ld (GNU Binutils for Ubuntu) 2.40) #40-Ubuntu SMP PREEMPT_DYNAMIC Tue Nov 14 14:18:00 UTC 2023 (Ubuntu 6.2.0-39.40-generic 6.2.16)
2024-03-04T00:37:02.020354+00:00 seruelas kernel: [    0.000000] Command line: BOOT_IMAGE=/boot/vmlinuz-6.2.0-39-generic root=UUID=e016ce98-9fe3-45f7-a2f8-f9293909d604 ro quiet splash
2024-03-04T00:37:02.020356+00:00 seruelas kernel: [    0.000000] KERNEL supported cpus:
2024-03-04T00:37:02.020356+00:00 seruelas kernel: [    0.000000]   Intel GenuineIntel
2024-03-04T00:37:02.020356+00:00 seruelas kernel: [    0.000000]   AMD AuthenticAMD
2024-03-04T00:37:02.020356+00:00 seruelas kernel: [    0.000000]   Hygon HygonGenuine
2024-03-04T00:37:02.020357+00:00 seruelas kernel: [    0.000000]   Centaur CentaurHauls
2024-03-04T00:37:02.020358+00:00 seruelas kernel: [    0.000000]   zhaoxin   Shanghai  
2024-03-04T00:37:02.020358+00:00 seruelas kernel: [    0.000000] BIOS-provided physical RAM map:
2024-03-04T00:37:02.020358+00:00 seruelas kernel: [    0.000000] BIOS-e820: [mem 0x0000000000000000-0x000000000009fbff] usable
2024-03-04T00:37:02.020358+00:00 seruelas kernel: [    0.000000] BIOS-e820: [mem 0x000000000009fc00-0x000000000009ffff] reserved
2024-03-04T00:37:02.020359+00:00 seruelas kernel: [    0.000000] BIOS-e820: [mem 0x00000000000f0000-0x00000000000fffff] reserved
2024-03-04T00:37:02.020359+00:00 seruelas kernel: [    0.000000] BIOS-e820: [mem 0x0000000000100000-0x00000000dffeffff] usable
2024-03-04T00:37:02.020360+00:00 seruelas kernel: [    0.000000] BIOS-e820: [mem 0x00000000dfff0000-0x00000000dfffffff] ACPI data
2024-03-04T00:37:02.020360+00:00 seruelas kernel: [    0.000000] BIOS-e820: [mem 0x00000000fec00000-0x00000000fec00fff] reserved
2024-03-04T00:37:02.020360+00:00 seruelas kernel: [    0.000000] BIOS-e820: [mem 0x00000000fee00000-0x00000000fee00fff] reserved
2024-03-04T00:37:02.020360+00:00 seruelas kernel: [    0.000000] BIOS-e820: [mem 0x00000000fffc0000-0x00000000ffffffff] reserved
2024-03-04T00:37:02.020361+00:00 seruelas kernel: [    0.000000] BIOS-e820: [mem 0x0000000100000000-0x000000011fffffff] usable
2024-03-04T00:37:02.020361+00:00 seruelas kernel: [    0.000000] NX (Execute Disable) protection: active
2024-03-04T00:37:02.020362+00:00 seruelas kernel: [    0.000000] SMBIOS 2.5 present.
2024-03-04T00:37:02.020362+00:00 seruelas kernel: [    0.000000] DMI: innotek GmbH VirtualBox/VirtualBox, BIOS VirtualBox 12/01/2006
2024-03-04T00:37:02.020362+00:00 seruelas kernel: [    0.000000] Hypervisor detected: KVM
2024-03-04T00:37:02.020362+00:00 seruelas kernel: [    0.000000] kvm-clock: Using msrs 4b564d01 and 4b564d00
2024-03-04T00:37:02.020363+00:00 seruelas kernel: [    0.000001] kvm-clock: using sched offset of 1208391078004 cycles
2024-03-04T00:37:02.020363+00:00 seruelas kernel: [    0.000003] clocksource: kvm-clock: mask: 0xffffffffffffffff max_cycles: 0x1cd42e4dffb, max_idle_ns: 881590591483 ns
2024-03-04T00:37:02.020364+00:00 seruelas kernel: [    0.000006] tsc: Detected 2112.000 MHz processor
2024-03-04T00:37:02.020364+00:00 seruelas kernel: [    0.001301] e820: update [mem 0x00000000-0x00000fff] usable ==> reserved
2024-03-04T00:37:02.020364+00:00 seruelas kernel: [    0.001303] e820: remove [mem 0x000a0000-0x000fffff] usable
2024-03-04T00:37:02.020364+00:00 seruelas kernel: [    0.001307] last_pfn = 0x120000 max_arch_pfn = 0x400000000
2024-03-04T00:37:02.020364+00:00 seruelas kernel: [    0.001342] MTRRs disabled by BIOS
2024-03-04T00:37:02.020365+00:00 seruelas kernel: [    0.001344] x86/PAT: Configuration [0-7]: WB  WC  UC- UC  WB  WP  UC- WT  
2024-03-04T00:37:02.020365+00:00 seruelas kernel: [    0.001352] last_pfn = 0xdfff0 max_arch_pfn = 0x400000000
2024-03-04T00:37:02.020366+00:00 seruelas kernel: [    0.001392] found SMP MP-table at [mem 0x0009fff0-0x0009ffff]
2024-03-04T00:37:02.020366+00:00 seruelas kernel: [    0.001402] Incomplete global flushes, disabling PCID
2024-03-04T00:37:02.020366+00:00 seruelas kernel: [    0.001540] RAMDISK: [mem 0x2fd75000-0x33eb1fff]
2024-03-04T00:37:02.020366+00:00 seruelas kernel: [    0.001545] ACPI: Early table checksum verification disabled
2024-03-04T00:37:02.020367+00:00 seruelas kernel: [    0.001548] ACPI: RSDP 0x00000000000E0000 000024 (v02 VBOX  )
2024-03-04T00:37:02.020367+00:00 seruelas kernel: [    0.001551] ACPI: XSDT 0x00000000DFFF0030 00003C (v01 VBOX   VBOXXSDT 00000001 ASL  00000061)
2024-03-04T00:37:02.020368+00:00 seruelas kernel: [    0.001555] ACPI: FACP 0x00000000DFFF00F0 0000F4 (v04 VBOX   VBOXFACP 00000001 ASL  00000061)
2024-03-04T00:37:02.020368+00:00 seruelas kernel: [    0.001559] ACPI: DSDT 0x00000000DFFF0610 002353 (v02 VBOX   VBOXBIOS 00000002 INTL 20100528)
2024-03-04T00:37:02.020368+00:00 seruelas kernel: [    0.001562] ACPI: FACS 0x00000000DFFF0200 000040
2024-03-04T00:37:02.020368+00:00 seruelas kernel: [    0.001564] ACPI: FACS 0x00000000DFFF0200 000040
2024-03-04T00:37:02.020368+00:00 seruelas kernel: [    0.001566] ACPI: APIC 0x00000000DFFF0240 00005C (v02 VBOX   VBOXAPIC 00000001 ASL  00000061)
2024-03-04T00:37:02.020369+00:00 seruelas kernel: [    0.001568] ACPI: SSDT 0x00000000DFFF02A0 00036C (v01 VBOX   VBOXCPUT 00000002 INTL 20100528)
2024-03-04T00:37:02.020369+00:00 seruelas kernel: [    0.001570] ACPI: Reserving FACP table memory at [mem 0xdfff00f0-0xdfff01e3]
2024-03-04T00:37:02.020370+00:00 seruelas kernel: [    0.001571] ACPI: Reserving DSDT table memory at [mem 0xdfff0610-0xdfff2962]
2024-03-04T00:37:02.020370+00:00 seruelas kernel: [    0.001572] ACPI: Reserving FACS table memory at [mem 0xdfff0200-0xdfff023f]
2024-03-04T00:37:02.020370+00:00 seruelas kernel: [    0.001572] ACPI: Reserving FACS table memory at [mem 0xdfff0200-0xdfff023f]
2024-03-04T00:37:02.020371+00:00 seruelas kernel: [    0.001573] ACPI: Reserving APIC table memory at [mem 0xdfff0240-0xdfff029b]
2024-03-04T00:37:02.020372+00:00 seruelas kernel: [    0.001573] ACPI: Reserving SSDT table memory at [mem 0xdfff02a0-0xdfff060b]
2024-03-04T00:37:02.020372+00:00 seruelas kernel: [    0.002123] No NUMA configuration found
2024-03-04T00:37:02.020373+00:00 seruelas kernel: [    0.002124] Faking a node at [mem 0x0000000000000000-0x000000011fffffff]
2024-03-04T00:37:02.020373+00:00 seruelas kernel: [    0.002128] NODE_DATA(0) allocated [mem 0x11ffd1000-0x11fffbfff]
2024-03-04T00:37:02.020373+00:00 seruelas kernel: [    0.002247] Zone ranges:
2024-03-04T00:37:02.020373+00:00 seruelas kernel: [    0.002248]   DMA      [mem 0x0000000000001000-0x0000000000ffffff]
2024-03-04T00:37:02.020374+00:00 seruelas kernel: [    0.002249]   DMA32    [mem 0x0000000001000000-0x00000000ffffffff]
2024-03-04T00:37:02.020374+00:00 seruelas kernel: [    0.002250]   Normal   [mem 0x0000000100000000-0x000000011fffffff]
2024-03-04T00:37:02.020375+00:00 seruelas kernel: [    0.002251]   Device   empty
2024-03-04T00:37:02.020375+00:00 seruelas kernel: [    0.002251] Movable zone start for each node
2024-03-04T00:37:02.020375+00:00 seruelas kernel: [    0.002252] Early memory node ranges
2024-03-04T00:37:02.020375+00:00 seruelas kernel: [    0.002253]   node   0: [mem 0x0000000000001000-0x000000000009efff]
2024-03-04T00:37:02.020375+00:00 seruelas kernel: [    0.002254]   node   0: [mem 0x0000000000100000-0x00000000dffeffff]
2024-03-04T00:37:02.020376+00:00 seruelas kernel: [    0.002255]   node   0: [mem 0x0000000100000000-0x000000011fffffff]
2024-03-04T00:37:02.020376+00:00 seruelas kernel: [    0.002255] Initmem setup node 0 [mem 0x0000000000001000-0x000000011fffffff]
2024-03-04T00:37:02.020377+00:00 seruelas kernel: [    0.002272] On node 0, zone DMA: 1 pages in unavailable ranges
2024-03-04T00:37:02.020377+00:00 seruelas kernel: [    0.002301] On node 0, zone DMA: 97 pages in unavailable ranges
2024-03-04T00:37:02.020377+00:00 seruelas kernel: [    0.007862] On node 0, zone Normal: 16 pages in unavailable ranges
2024-03-04T00:37:02.020378+00:00 seruelas kernel: [    0.008844] ACPI: PM-Timer IO Port: 0x4008
2024-03-04T00:37:02.020378+00:00 seruelas kernel: [    0.009027] IOAPIC[0]: apic_id 2, version 32, address 0xfec00000, GSI 0-23
2024-03-04T00:37:02.020378+00:00 seruelas kernel: [    0.009032] ACPI: INT_SRC_OVR (bus 0 bus_irq 0 global_irq 2 dfl dfl)
2024-03-04T00:37:02.020379+00:00 seruelas kernel: [    0.009033] ACPI: INT_SRC_OVR (bus 0 bus_irq 9 global_irq 9 low level)
2024-03-04T00:37:02.020379+00:00 seruelas kernel: [    0.009036] ACPI: Using ACPI (MADT) for SMP configuration information
2024-03-04T00:37:02.020379+00:00 seruelas kernel: [    0.009053] smpboot: Allowing 2 CPUs, 0 hotplug CPUs
2024-03-04T00:37:02.020379+00:00 seruelas kernel: [    0.009130] PM: hibernation: Registered nosave memory: [mem 0x00000000-0x00000fff]
2024-03-04T00:37:02.020380+00:00 seruelas kernel: [    0.009132] PM: hibernation: Registered nosave memory: [mem 0x0009f000-0x0009ffff]
2024-03-04T00:37:02.020380+00:00 seruelas kernel: [    0.009132] PM: hibernation: Registered nosave memory: [mem 0x000a0000-0x000effff]
2024-03-04T00:37:02.020381+00:00 seruelas kernel: [    0.009133] PM: hibernation: Registered nosave memory: [mem 0x000f0000-0x000fffff]
2024-03-04T00:37:02.020381+00:00 seruelas kernel: [    0.009133] PM: hibernation: Registered nosave memory: [mem 0xdfff0000-0xdfffffff]
2024-03-04T00:37:02.020381+00:00 seruelas kernel: [    0.009134] PM: hibernation: Registered nosave memory: [mem 0xe0000000-0xfebfffff]
2024-03-04T00:37:02.020381+00:00 seruelas kernel: [    0.009134] PM: hibernation: Registered nosave memory: [mem 0xfec00000-0xfec00fff]
2024-03-04T00:37:02.020382+00:00 seruelas kernel: [    0.009135] PM: hibernation: Registered nosave memory: [mem 0xfec01000-0xfedfffff]
2024-03-04T00:37:02.020382+00:00 seruelas kernel: [    0.009135] PM: hibernation: Registered nosave memory: [mem 0xfee00000-0xfee00fff]
2024-03-04T00:37:02.020382+00:00 seruelas kernel: [    0.009135] PM: hibernation: Registered nosave memory: [mem 0xfee01000-0xfffbffff]
2024-03-04T00:37:02.020383+00:00 seruelas kernel: [    0.009136] PM: hibernation: Registered nosave memory: [mem 0xfffc0000-0xffffffff]
2024-03-04T00:37:02.020383+00:00 seruelas kernel: [    0.009137] [mem 0xe0000000-0xfebfffff] available for PCI devices
2024-03-04T00:37:02.020383+00:00 seruelas kernel: [    0.009137] Booting paravirtualized kernel on KVM
2024-03-04T00:37:02.020384+00:00 seruelas kernel: [    0.009139] clocksource: refined-jiffies: mask: 0xffffffff max_cycles: 0xffffffff, max_idle_ns: 7645519600211568 ns
2024-03-04T00:37:02.020384+00:00 seruelas kernel: [    0.009142] setup_percpu: NR_CPUS:8192 nr_cpumask_bits:2 nr_cpu_ids:2 nr_node_ids:1
2024-03-04T00:37:02.020384+00:00 seruelas kernel: [    0.009369] percpu: Embedded 62 pages/cpu s217088 r8192 d28672 u1048576
2024-03-04T00:37:02.020385+00:00 seruelas kernel: [    0.009373] pcpu-alloc: s217088 r8192 d28672 u1048576 alloc=1*2097152
2024-03-04T00:37:02.020385+00:00 seruelas kernel: [    0.009374] pcpu-alloc: [0] 0 1 
2024-03-04T00:37:02.020385+00:00 seruelas kernel: [    0.009435] kvm-guest: PV spinlocks enabled
2024-03-04T00:37:02.020385+00:00 seruelas kernel: [    0.009437] PV qspinlock hash table entries: 256 (order: 0, 4096 bytes, linear)
2024-03-04T00:37:02.020386+00:00 seruelas kernel: [    0.009442] Fallback order for Node 0: 0 
2024-03-04T00:37:02.020386+00:00 seruelas kernel: [    0.009444] Built 1 zonelists, mobility grouping on.  Total pages: 1031920
2024-03-04T00:37:02.020387+00:00 seruelas kernel: [    0.009445] Policy zone: Normal
2024-03-04T00:37:02.020388+00:00 seruelas kernel: [    0.009446] Kernel command line: BOOT_IMAGE=/boot/vmlinuz-6.2.0-39-generic root=UUID=e016ce98-9fe3-45f7-a2f8-f9293909d604 ro quiet splash
2024-03-04T00:37:02.020388+00:00 seruelas kernel: [    0.009485] Unknown kernel command line parameters "splash BOOT_IMAGE=/boot/vmlinuz-6.2.0-39-generic", will be passed to user space.
2024-03-04T00:37:02.020388+00:00 seruelas kernel: [    0.009502] random: crng init done
2024-03-04T00:37:02.020388+00:00 seruelas kernel: [    0.009799] Dentry cache hash table entries: 524288 (order: 10, 4194304 bytes, linear)
2024-03-04T00:37:02.020388+00:00 seruelas kernel: [    0.009970] Inode-cache hash table entries: 262144 (order: 9, 2097152 bytes, linear)
2024-03-04T00:37:02.020389+00:00 seruelas kernel: [    0.010006] mem auto-init: stack:all(zero), heap alloc:on, heap free:off
2024-03-04T00:37:02.020390+00:00 seruelas kernel: [    0.010009] software IO TLB: area num 2.
2024-03-04T00:37:02.020390+00:00 seruelas kernel: [    0.027336] Memory: 3925912K/4193848K available (20480K kernel code, 4157K rwdata, 13012K rodata, 4764K init, 17536K bss, 267676K reserved, 0K cma-reserved)
2024-03-04T00:37:02.020390+00:00 seruelas kernel: [    0.027413] SLUB: HWalign=64, Order=0-3, MinObjects=0, CPUs=2, Nodes=1
2024-03-04T00:37:02.020390+00:00 seruelas kernel: [    0.027429] ftrace: allocating 53254 entries in 209 pages
2024-03-04T00:37:02.020429+00:00 seruelas kernel: [    0.034277] ftrace: allocated 209 pages with 4 groups
2024-03-04T00:37:02.020430+00:00 seruelas kernel: [    0.034909] Dynamic Preempt: voluntary
2024-03-04T00:37:02.020431+00:00 seruelas kernel: [    0.034925] rcu: Preemptible hierarchical RCU implementation.
2024-03-04T00:37:02.020431+00:00 seruelas kernel: [    0.034926] rcu: 	RCU restricting CPUs from NR_CPUS=8192 to nr_cpu_ids=2.
2024-03-04T00:37:02.020431+00:00 seruelas kernel: [    0.034926] 	Trampoline variant of Tasks RCU enabled.
2024-03-04T00:37:02.020431+00:00 seruelas kernel: [    0.034927] 	Rude variant of Tasks RCU enabled.
2024-03-04T00:37:02.020431+00:00 seruelas kernel: [    0.034927] 	Tracing variant of Tasks RCU enabled.
2024-03-04T00:37:02.020432+00:00 seruelas kernel: [    0.034928] rcu: RCU calculated value of scheduler-enlistment delay is 25 jiffies.
2024-03-04T00:37:02.020432+00:00 seruelas kernel: [    0.034928] rcu: Adjusting geometry for rcu_fanout_leaf=16, nr_cpu_ids=2
2024-03-04T00:37:02.020433+00:00 seruelas kernel: [    0.036487] NR_IRQS: 524544, nr_irqs: 440, preallocated irqs: 16
2024-03-04T00:37:02.020433+00:00 seruelas kernel: [    0.036709] rcu: srcu_init: Setting srcu_struct sizes based on contention.
2024-03-04T00:37:02.020433+00:00 seruelas kernel: [    0.061005] Console: colour VGA+ 80x25
2024-03-04T00:37:02.020433+00:00 seruelas kernel: [    0.061008] printk: console [tty0] enabled
2024-03-04T00:37:02.020433+00:00 seruelas kernel: [    0.061029] ACPI: Core revision 20221020
2024-03-04T00:37:02.020434+00:00 seruelas kernel: [    0.061919] APIC: Switch to symmetric I/O mode setup
2024-03-04T00:37:02.020435+00:00 seruelas kernel: [    0.070850] ..TIMER: vector=0x30 apic1=0 pin1=2 apic2=-1 pin2=-1
2024-03-04T00:37:02.020435+00:00 seruelas kernel: [    0.070972] clocksource: tsc-early: mask: 0xffffffffffffffff max_cycles: 0x1e71785e5dd, max_idle_ns: 440795244814 ns
2024-03-04T00:37:02.020435+00:00 seruelas kernel: [    0.070977] Calibrating delay loop (skipped) preset value.. 4224.00 BogoMIPS (lpj=8448000)
2024-03-04T00:37:02.020435+00:00 seruelas kernel: [    0.071903] Last level iTLB entries: 4KB 0, 2MB 0, 4MB 0
2024-03-04T00:37:02.020435+00:00 seruelas kernel: [    0.071921] Last level dTLB entries: 4KB 0, 2MB 0, 4MB 0, 1GB 0
2024-03-04T00:37:02.020436+00:00 seruelas kernel: [    0.071924] Spectre V1 : Mitigation: usercopy/swapgs barriers and __user pointer sanitization
2024-03-04T00:37:02.020436+00:00 seruelas kernel: [    0.071926] Spectre V2 : Mitigation: Enhanced IBRS
2024-03-04T00:37:02.020437+00:00 seruelas kernel: [    0.071926] Spectre V2 : Spectre v2 / SpectreRSB mitigation: Filling RSB on context switch
2024-03-04T00:37:02.020437+00:00 seruelas kernel: [    0.071927] Spectre V2 : Spectre v2 / PBRSB-eIBRS: Retire a single CALL on VMEXIT
2024-03-04T00:37:02.020437+00:00 seruelas kernel: [    0.071927] RETBleed: Mitigation: Enhanced IBRS
2024-03-04T00:37:02.020437+00:00 seruelas kernel: [    0.071928] Speculative Store Bypass: Vulnerable
2024-03-04T00:37:02.020437+00:00 seruelas kernel: [    0.071930] x86/fpu: x87 FPU will use FXSAVE
2024-03-04T00:37:02.020438+00:00 seruelas kernel: [    0.086096] Freeing SMP alternatives memory: 44K
2024-03-04T00:37:02.020438+00:00 seruelas kernel: [    0.086099] pid_max: default: 32768 minimum: 301
2024-03-04T00:37:02.020439+00:00 seruelas kernel: [    0.086117] LSM: initializing lsm=lockdown,capability,landlock,yama,integrity,apparmor
2024-03-04T00:37:02.020439+00:00 seruelas kernel: [    0.086123] landlock: Up and running.
2024-03-04T00:37:02.020439+00:00 seruelas kernel: [    0.086124] Yama: becoming mindful.
2024-03-04T00:37:02.020439+00:00 seruelas kernel: [    0.086141] AppArmor: AppArmor initialized
2024-03-04T00:37:02.020440+00:00 seruelas kernel: [    0.086160] Mount-cache hash table entries: 8192 (order: 4, 65536 bytes, linear)
2024-03-04T00:37:02.020440+00:00 seruelas kernel: [    0.086166] Mountpoint-cache hash table entries: 8192 (order: 4, 65536 bytes, linear)
2024-03-04T00:37:02.020440+00:00 seruelas kernel: [    0.196042] smpboot: CPU0: 12th Gen Intel(R) Core(TM) i7-12700 (family: 0x6, model: 0x97, stepping: 0x2)
2024-03-04T00:37:02.020441+00:00 seruelas kernel: [    0.196155] cblist_init_generic: Setting adjustable number of callback queues.
2024-03-04T00:37:02.020441+00:00 seruelas kernel: [    0.196156] cblist_init_generic: Setting shift to 1 and lim to 1.
2024-03-04T00:37:02.020441+00:00 seruelas kernel: [    0.196166] cblist_init_generic: Setting adjustable number of callback queues.
2024-03-04T00:37:02.020441+00:00 seruelas kernel: [    0.196166] cblist_init_generic: Setting shift to 1 and lim to 1.
2024-03-04T00:37:02.020442+00:00 seruelas kernel: [    0.196180] cblist_init_generic: Setting adjustable number of callback queues.
2024-03-04T00:37:02.020442+00:00 seruelas kernel: [    0.196180] cblist_init_generic: Setting shift to 1 and lim to 1.
2024-03-04T00:37:02.020442+00:00 seruelas kernel: [    0.196187] Performance Events: unsupported p6 CPU model 151 no PMU driver, software events only.
2024-03-04T00:37:02.020443+00:00 seruelas kernel: [    0.196197] signal: max sigframe size: 1440
2024-03-04T00:37:02.020443+00:00 seruelas kernel: [    0.196209] rcu: Hierarchical SRCU implementation.
2024-03-04T00:37:02.020443+00:00 seruelas kernel: [    0.196210] rcu: 	Max phase no-delay instances is 1000.
2024-03-04T00:37:02.020444+00:00 seruelas kernel: [    0.196379] NMI watchdog: Perf NMI watchdog permanently disabled
2024-03-04T00:37:02.020444+00:00 seruelas kernel: [    0.196410] smp: Bringing up secondary CPUs ...
2024-03-04T00:37:02.020444+00:00 seruelas kernel: [    0.196466] x86: Booting SMP configuration:
2024-03-04T00:37:02.020444+00:00 seruelas kernel: [    0.196467] .... node  #0, CPUs:      #1
2024-03-04T00:37:02.020445+00:00 seruelas kernel: [    0.198975] TSC synchronization [CPU#0 -> CPU#1]:
2024-03-04T00:37:02.020445+00:00 seruelas kernel: [    0.198975] Measured 28327 cycles TSC warp between CPUs, turning off TSC clock.
2024-03-04T00:37:02.020447+00:00 seruelas kernel: [    0.198975] tsc: Marking TSC unstable due to check_tsc_sync_source failed
2024-03-04T00:37:02.020447+00:00 seruelas kernel: [    0.199227] smp: Brought up 1 node, 2 CPUs
2024-03-04T00:37:02.020447+00:00 seruelas kernel: [    0.199228] smpboot: Max logical packages: 1
2024-03-04T00:37:02.020447+00:00 seruelas kernel: [    0.199229] smpboot: Total of 2 processors activated (8448.00 BogoMIPS)
2024-03-04T00:37:02.020447+00:00 seruelas kernel: [    0.199503] devtmpfs: initialized
2024-03-04T00:37:02.020448+00:00 seruelas kernel: [    0.199503] x86/mm: Memory block size: 128MB
2024-03-04T00:37:02.020448+00:00 seruelas kernel: [    0.199503] clocksource: jiffies: mask: 0xffffffff max_cycles: 0xffffffff, max_idle_ns: 7645041785100000 ns
2024-03-04T00:37:02.020449+00:00 seruelas kernel: [    0.199503] futex hash table entries: 512 (order: 3, 32768 bytes, linear)
2024-03-04T00:37:02.020449+00:00 seruelas kernel: [    0.199503] pinctrl core: initialized pinctrl subsystem
2024-03-04T00:37:02.020449+00:00 seruelas kernel: [    0.199503] PM: RTC time: 00:36:54, date: 2024-03-04
2024-03-04T00:37:02.020449+00:00 seruelas kernel: [    0.199950] NET: Registered PF_NETLINK/PF_ROUTE protocol family
2024-03-04T00:37:02.020449+00:00 seruelas kernel: [    0.200057] DMA: preallocated 512 KiB GFP_KERNEL pool for atomic allocations
2024-03-04T00:37:02.020450+00:00 seruelas kernel: [    0.200096] DMA: preallocated 512 KiB GFP_KERNEL|GFP_DMA pool for atomic allocations
2024-03-04T00:37:02.020450+00:00 seruelas kernel: [    0.200135] DMA: preallocated 512 KiB GFP_KERNEL|GFP_DMA32 pool for atomic allocations
2024-03-04T00:37:02.020451+00:00 seruelas kernel: [    0.200140] audit: initializing netlink subsys (disabled)
2024-03-04T00:37:02.020451+00:00 seruelas kernel: [    0.200209] audit: type=2000 audit(1709513900.209:1): state=initialized audit_enabled=0 res=1
2024-03-04T00:37:02.020451+00:00 seruelas kernel: [    0.200209] thermal_sys: Registered thermal governor 'fair_share'
2024-03-04T00:37:02.020451+00:00 seruelas kernel: [    0.200209] thermal_sys: Registered thermal governor 'bang_bang'
2024-03-04T00:37:02.020451+00:00 seruelas kernel: [    0.200209] thermal_sys: Registered thermal governor 'step_wise'
2024-03-04T00:37:02.020452+00:00 seruelas kernel: [    0.200209] thermal_sys: Registered thermal governor 'user_space'
2024-03-04T00:37:02.020452+00:00 seruelas kernel: [    0.200209] thermal_sys: Registered thermal governor 'power_allocator'
2024-03-04T00:37:02.020453+00:00 seruelas kernel: [    0.200209] EISA bus registered
2024-03-04T00:37:02.020453+00:00 seruelas kernel: [    0.200209] cpuidle: using governor ladder
2024-03-04T00:37:02.020453+00:00 seruelas kernel: [    0.200209] cpuidle: using governor menu
2024-03-04T00:37:02.020453+00:00 seruelas kernel: [    0.200209] acpiphp: ACPI Hot Plug PCI Controller Driver version: 0.5
2024-03-04T00:37:02.020453+00:00 seruelas kernel: [    0.200209] PCI: Using configuration type 1 for base access
2024-03-04T00:37:02.020454+00:00 seruelas kernel: [    0.200209] kprobes: kprobe jump-optimization is enabled. All kprobes are optimized if possible.
2024-03-04T00:37:02.020454+00:00 seruelas kernel: [    0.203064] HugeTLB: registered 2.00 MiB page size, pre-allocated 0 pages
2024-03-04T00:37:02.020454+00:00 seruelas kernel: [    0.203065] HugeTLB: 28 KiB vmemmap can be freed for a 2.00 MiB page
2024-03-04T00:37:02.020455+00:00 seruelas kernel: [    0.211207] ACPI: Added _OSI(Module Device)
2024-03-04T00:37:02.020455+00:00 seruelas kernel: [    0.211208] ACPI: Added _OSI(Processor Device)
2024-03-04T00:37:02.020455+00:00 seruelas kernel: [    0.211209] ACPI: Added _OSI(3.0 _SCP Extensions)
2024-03-04T00:37:02.020456+00:00 seruelas kernel: [    0.211210] ACPI: Added _OSI(Processor Aggregator Device)
2024-03-04T00:37:02.020457+00:00 seruelas kernel: [    0.212689] ACPI: 2 ACPI AML tables successfully acquired and loaded
2024-03-04T00:37:02.020457+00:00 seruelas kernel: [    0.214099] ACPI: Interpreter enabled
2024-03-04T00:37:02.020457+00:00 seruelas kernel: [    0.214105] ACPI: PM: (supports S0 S5)
2024-03-04T00:37:02.020457+00:00 seruelas kernel: [    0.214106] ACPI: Using IOAPIC for interrupt routing
2024-03-04T00:37:02.020457+00:00 seruelas kernel: [    0.215060] PCI: Using host bridge windows from ACPI; if necessary, use "pci=nocrs" and report a bug
2024-03-04T00:37:02.020458+00:00 seruelas kernel: [    0.215061] PCI: Using E820 reservations for host bridge windows
2024-03-04T00:37:02.020458+00:00 seruelas kernel: [    0.215127] ACPI: Enabled 2 GPEs in block 00 to 07
2024-03-04T00:37:02.020459+00:00 seruelas kernel: [    0.218975] ACPI: PCI Root Bridge [PCI0] (domain 0000 [bus 00-ff])
2024-03-04T00:37:02.020459+00:00 seruelas kernel: [    0.218975] acpi PNP0A03:00: _OSC: OS supports [ASPM ClockPM Segments MSI EDR HPX-Type3]
2024-03-04T00:37:02.020459+00:00 seruelas kernel: [    0.218975] acpi PNP0A03:00: _OSC: not requesting OS control; OS requires [ExtendedConfig ASPM ClockPM MSI]
2024-03-04T00:37:02.020459+00:00 seruelas kernel: [    0.218975] acpi PNP0A03:00: fail to add MMCONFIG information, can't access extended configuration space under this bridge
2024-03-04T00:37:02.020462+00:00 seruelas kernel: [    0.218975] PCI host bridge to bus 0000:00
2024-03-04T00:37:02.020462+00:00 seruelas kernel: [    0.218975] pci_bus 0000:00: root bus resource [io  0x0000-0x0cf7 window]
2024-03-04T00:37:02.020462+00:00 seruelas kernel: [    0.218975] pci_bus 0000:00: root bus resource [io  0x0d00-0xffff window]
2024-03-04T00:37:02.020462+00:00 seruelas kernel: [    0.218975] pci_bus 0000:00: root bus resource [mem 0x000a0000-0x000bffff window]
2024-03-04T00:37:02.020463+00:00 seruelas kernel: [    0.218975] pci_bus 0000:00: root bus resource [mem 0xe0000000-0xfdffffff window]
2024-03-04T00:37:02.020463+00:00 seruelas kernel: [    0.218975] pci_bus 0000:00: root bus resource [bus 00-ff]
2024-03-04T00:37:02.020463+00:00 seruelas kernel: [    0.219048] pci 0000:00:00.0: [8086:1237] type 00 class 0x060000
2024-03-04T00:37:02.020465+00:00 seruelas kernel: [    0.219722] pci 0000:00:01.0: [8086:7000] type 00 class 0x060100
2024-03-04T00:37:02.020465+00:00 seruelas kernel: [    0.220692] pci 0000:00:01.1: [8086:7111] type 00 class 0x01018a
2024-03-04T00:37:02.020465+00:00 seruelas kernel: [    0.221243] pci 0000:00:01.1: reg 0x20: [io  0xd000-0xd00f]
2024-03-04T00:37:02.020466+00:00 seruelas kernel: [    0.221475] pci 0000:00:01.1: legacy IDE quirk: reg 0x10: [io  0x01f0-0x01f7]
2024-03-04T00:37:02.020466+00:00 seruelas kernel: [    0.221476] pci 0000:00:01.1: legacy IDE quirk: reg 0x14: [io  0x03f6]
2024-03-04T00:37:02.020466+00:00 seruelas kernel: [    0.221476] pci 0000:00:01.1: legacy IDE quirk: reg 0x18: [io  0x0170-0x0177]
2024-03-04T00:37:02.020468+00:00 seruelas kernel: [    0.221477] pci 0000:00:01.1: legacy IDE quirk: reg 0x1c: [io  0x0376]
2024-03-04T00:37:02.020468+00:00 seruelas kernel: [    0.221749] pci 0000:00:02.0: [15ad:0405] type 00 class 0x030000
2024-03-04T00:37:02.020468+00:00 seruelas kernel: [    0.222470] pci 0000:00:02.0: reg 0x10: [io  0xd010-0xd01f]
2024-03-04T00:37:02.020468+00:00 seruelas kernel: [    0.222975] pci 0000:00:02.0: reg 0x14: [mem 0xe0000000-0xe0ffffff pref]
2024-03-04T00:37:02.020507+00:00 seruelas kernel: [    0.222976] pci 0000:00:02.0: reg 0x18: [mem 0xf0000000-0xf01fffff]
2024-03-04T00:37:02.020507+00:00 seruelas kernel: [    0.225283] pci 0000:00:02.0: Video device with shadowed ROM at [mem 0x000c0000-0x000dffff]
2024-03-04T00:37:02.020508+00:00 seruelas kernel: [    0.225590] pci 0000:00:03.0: [8086:100e] type 00 class 0x020000
2024-03-04T00:37:02.020509+00:00 seruelas kernel: [    0.225811] pci 0000:00:03.0: reg 0x10: [mem 0xf0200000-0xf021ffff]
2024-03-04T00:37:02.020509+00:00 seruelas kernel: [    0.226051] pci 0000:00:03.0: reg 0x18: [io  0xd020-0xd027]
2024-03-04T00:37:02.020510+00:00 seruelas kernel: [    0.226975] pci 0000:00:04.0: [80ee:cafe] type 00 class 0x088000
2024-03-04T00:37:02.020510+00:00 seruelas kernel: [    0.226977] pci 0000:00:04.0: reg 0x10: [io  0xd040-0xd05f]
2024-03-04T00:37:02.020510+00:00 seruelas kernel: [    0.227287] pci 0000:00:04.0: reg 0x14: [mem 0xf0400000-0xf07fffff]
2024-03-04T00:37:02.020510+00:00 seruelas kernel: [    0.227579] pci 0000:00:04.0: reg 0x18: [mem 0xf0800000-0xf0803fff pref]
2024-03-04T00:37:02.020512+00:00 seruelas kernel: [    0.228965] pci 0000:00:05.0: [8086:2415] type 00 class 0x040100
2024-03-04T00:37:02.020512+00:00 seruelas kernel: [    0.229156] pci 0000:00:05.0: reg 0x10: [io  0xd100-0xd1ff]
2024-03-04T00:37:02.020512+00:00 seruelas kernel: [    0.229259] pci 0000:00:05.0: reg 0x14: [io  0xd200-0xd23f]
2024-03-04T00:37:02.020513+00:00 seruelas kernel: [    0.230035] pci 0000:00:06.0: [106b:003f] type 00 class 0x0c0310
2024-03-04T00:37:02.020513+00:00 seruelas kernel: [    0.230254] pci 0000:00:06.0: reg 0x10: [mem 0xf0804000-0xf0804fff]
2024-03-04T00:37:02.020513+00:00 seruelas kernel: [    0.230975] pci 0000:00:07.0: [8086:7113] type 00 class 0x068000
2024-03-04T00:37:02.020579+00:00 seruelas kernel: [    0.231579] pci 0000:00:07.0: quirk: [io  0x4000-0x403f] claimed by PIIX4 ACPI
2024-03-04T00:37:02.020581+00:00 seruelas kernel: [    0.231596] pci 0000:00:07.0: quirk: [io  0x4100-0x410f] claimed by PIIX4 SMB
2024-03-04T00:37:02.020581+00:00 seruelas kernel: [    0.240133] pci 0000:00:0b.0: [8086:265c] type 00 class 0x0c0320
2024-03-04T00:37:02.020581+00:00 seruelas kernel: [    0.240340] pci 0000:00:0b.0: reg 0x10: [mem 0xf0805000-0xf0805fff]
2024-03-04T00:37:02.020581+00:00 seruelas kernel: [    0.243049] pci 0000:00:0d.0: [8086:2829] type 00 class 0x010601
2024-03-04T00:37:02.020582+00:00 seruelas kernel: [    0.243251] pci 0000:00:0d.0: reg 0x10: [io  0xd240-0xd247]
2024-03-04T00:37:02.020582+00:00 seruelas kernel: [    0.243365] pci 0000:00:0d.0: reg 0x14: [io  0xd248-0xd24b]
2024-03-04T00:37:02.020585+00:00 seruelas kernel: [    0.243478] pci 0000:00:0d.0: reg 0x18: [io  0xd250-0xd257]
2024-03-04T00:37:02.020585+00:00 seruelas kernel: [    0.243591] pci 0000:00:0d.0: reg 0x1c: [io  0xd258-0xd25b]
2024-03-04T00:37:02.020585+00:00 seruelas kernel: [    0.243703] pci 0000:00:0d.0: reg 0x20: [io  0xd260-0xd26f]
2024-03-04T00:37:02.020585+00:00 seruelas kernel: [    0.243815] pci 0000:00:0d.0: reg 0x24: [mem 0xf0806000-0xf0807fff]
2024-03-04T00:37:02.020586+00:00 seruelas kernel: [    0.287050] ACPI: PCI: Interrupt link LNKA configured for IRQ 11
2024-03-04T00:37:02.020586+00:00 seruelas kernel: [    0.287312] ACPI: PCI: Interrupt link LNKB configured for IRQ 10
2024-03-04T00:37:02.020588+00:00 seruelas kernel: [    0.287402] ACPI: PCI: Interrupt link LNKC configured for IRQ 9
2024-03-04T00:37:02.020588+00:00 seruelas kernel: [    0.287492] ACPI: PCI: Interrupt link LNKD configured for IRQ 11
2024-03-04T00:37:02.020588+00:00 seruelas kernel: [    0.287670] iommu: Default domain type: Translated 
2024-03-04T00:37:02.020588+00:00 seruelas kernel: [    0.287670] iommu: DMA domain TLB invalidation policy: lazy mode 
2024-03-04T00:37:02.020588+00:00 seruelas kernel: [    0.287670] SCSI subsystem initialized
2024-03-04T00:37:02.020589+00:00 seruelas kernel: [    0.287670] libata version 3.00 loaded.
2024-03-04T00:37:02.020589+00:00 seruelas kernel: [    0.287670] ACPI: bus type USB registered
2024-03-04T00:37:02.020590+00:00 seruelas kernel: [    0.287670] usbcore: registered new interface driver usbfs
2024-03-04T00:37:02.020591+00:00 seruelas kernel: [    0.287670] usbcore: registered new interface driver hub
2024-03-04T00:37:02.020591+00:00 seruelas kernel: [    0.287670] usbcore: registered new device driver usb
2024-03-04T00:37:02.020591+00:00 seruelas kernel: [    0.287670] pps_core: LinuxPPS API ver. 1 registered
2024-03-04T00:37:02.020591+00:00 seruelas kernel: [    0.287670] pps_core: Software ver. 5.3.6 - Copyright 2005-2007 Rodolfo Giometti <giometti@linux.it>
2024-03-04T00:37:02.020591+00:00 seruelas kernel: [    0.287670] PTP clock support registered
2024-03-04T00:37:02.020593+00:00 seruelas kernel: [    0.287670] EDAC MC: Ver: 3.0.0
2024-03-04T00:37:02.020593+00:00 seruelas kernel: [    0.287670] NetLabel: Initializing
2024-03-04T00:37:02.020593+00:00 seruelas kernel: [    0.287670] NetLabel:  domain hash size = 128
2024-03-04T00:37:02.020594+00:00 seruelas kernel: [    0.287670] NetLabel:  protocols = UNLABELED CIPSOv4 CALIPSO
2024-03-04T00:37:02.020594+00:00 seruelas kernel: [    0.287670] NetLabel:  unlabeled traffic allowed by default
2024-03-04T00:37:02.020594+00:00 seruelas kernel: [    0.287670] mctp: management component transport protocol core
2024-03-04T00:37:02.020596+00:00 seruelas kernel: [    0.287670] NET: Registered PF_MCTP protocol family
2024-03-04T00:37:02.020596+00:00 seruelas kernel: [    0.287670] PCI: Using ACPI for IRQ routing
2024-03-04T00:37:02.020596+00:00 seruelas kernel: [    0.287670] PCI: pci_cache_line_size set to 64 bytes
2024-03-04T00:37:02.020596+00:00 seruelas kernel: [    0.287670] e820: reserve RAM buffer [mem 0x0009fc00-0x0009ffff]
2024-03-04T00:37:02.020597+00:00 seruelas kernel: [    0.287670] e820: reserve RAM buffer [mem 0xdfff0000-0xdfffffff]
2024-03-04T00:37:02.020597+00:00 seruelas kernel: [    0.287670] pci 0000:00:02.0: vgaarb: setting as boot VGA device
2024-03-04T00:37:02.020597+00:00 seruelas kernel: [    0.287670] pci 0000:00:02.0: vgaarb: bridge control possible
2024-03-04T00:37:02.020599+00:00 seruelas kernel: [    0.287670] pci 0000:00:02.0: vgaarb: VGA device added: decodes=io+mem,owns=io+mem,locks=none
2024-03-04T00:37:02.020599+00:00 seruelas kernel: [    0.287670] vgaarb: loaded
2024-03-04T00:37:02.020599+00:00 seruelas kernel: [    0.291813] clocksource: Switched to clocksource kvm-clock
2024-03-04T00:37:02.020599+00:00 seruelas kernel: [    0.291932] VFS: Disk quotas dquot_6.6.0
2024-03-04T00:37:02.020600+00:00 seruelas kernel: [    0.291939] VFS: Dquot-cache hash table entries: 512 (order 0, 4096 bytes)
2024-03-04T00:37:02.020600+00:00 seruelas kernel: [    0.292008] AppArmor: AppArmor Filesystem Enabled
2024-03-04T00:37:02.020601+00:00 seruelas kernel: [    0.292016] pnp: PnP ACPI init
2024-03-04T00:37:02.020602+00:00 seruelas kernel: [    0.292721] pnp: PnP ACPI: found 2 devices
2024-03-04T00:37:02.020602+00:00 seruelas kernel: [    0.318744] clocksource: acpi_pm: mask: 0xffffff max_cycles: 0xffffff, max_idle_ns: 2085701024 ns
2024-03-04T00:37:02.020602+00:00 seruelas kernel: [    0.318781] NET: Registered PF_INET protocol family
2024-03-04T00:37:02.020602+00:00 seruelas kernel: [    0.318886] IP idents hash table entries: 65536 (order: 7, 524288 bytes, linear)
2024-03-04T00:37:02.020602+00:00 seruelas kernel: [    0.319601] tcp_listen_portaddr_hash hash table entries: 2048 (order: 3, 32768 bytes, linear)
2024-03-04T00:37:02.020605+00:00 seruelas kernel: [    0.319640] Table-perturb hash table entries: 65536 (order: 6, 262144 bytes, linear)
2024-03-04T00:37:02.020605+00:00 seruelas kernel: [    0.319734] TCP established hash table entries: 32768 (order: 6, 262144 bytes, linear)
2024-03-04T00:37:02.020605+00:00 seruelas kernel: [    0.319889] TCP bind hash table entries: 32768 (order: 8, 1048576 bytes, linear)
2024-03-04T00:37:02.020606+00:00 seruelas kernel: [    0.319926] TCP: Hash tables configured (established 32768 bind 32768)
2024-03-04T00:37:02.020606+00:00 seruelas kernel: [    0.319983] MPTCP token hash table entries: 4096 (order: 4, 98304 bytes, linear)
2024-03-04T00:37:02.020606+00:00 seruelas kernel: [    0.320007] UDP hash table entries: 2048 (order: 4, 65536 bytes, linear)
2024-03-04T00:37:02.020606+00:00 seruelas kernel: [    0.320016] UDP-Lite hash table entries: 2048 (order: 4, 65536 bytes, linear)
2024-03-04T00:37:02.020608+00:00 seruelas kernel: [    0.320035] NET: Registered PF_UNIX/PF_LOCAL protocol family
2024-03-04T00:37:02.020608+00:00 seruelas kernel: [    0.320039] NET: Registered PF_XDP protocol family
2024-03-04T00:37:02.020608+00:00 seruelas kernel: [    0.320044] pci_bus 0000:00: resource 4 [io  0x0000-0x0cf7 window]
2024-03-04T00:37:02.020608+00:00 seruelas kernel: [    0.320046] pci_bus 0000:00: resource 5 [io  0x0d00-0xffff window]
2024-03-04T00:37:02.020609+00:00 seruelas kernel: [    0.320047] pci_bus 0000:00: resource 6 [mem 0x000a0000-0x000bffff window]
2024-03-04T00:37:02.020609+00:00 seruelas kernel: [    0.320048] pci_bus 0000:00: resource 7 [mem 0xe0000000-0xfdffffff window]
2024-03-04T00:37:02.020611+00:00 seruelas kernel: [    0.320079] pci 0000:00:00.0: Limiting direct PCI/PCI transfers
2024-03-04T00:37:02.020611+00:00 seruelas kernel: [    0.322186] PCI: CLS 0 bytes, default 64
2024-03-04T00:37:02.020611+00:00 seruelas kernel: [    0.322431] PCI-DMA: Using software bounce buffering for IO (SWIOTLB)
2024-03-04T00:37:02.020611+00:00 seruelas kernel: [    0.322432] software IO TLB: mapped [mem 0x00000000dbff0000-0x00000000dfff0000] (64MB)
2024-03-04T00:37:02.020611+00:00 seruelas kernel: [    0.322477] Trying to unpack rootfs image as initramfs...
2024-03-04T00:37:02.020612+00:00 seruelas kernel: [    0.322498] platform rtc_cmos: registered platform RTC device (no PNP device found)
2024-03-04T00:37:02.020612+00:00 seruelas kernel: [    0.332828] Initialise system trusted keyrings
2024-03-04T00:37:02.020614+00:00 seruelas kernel: [    0.332834] Key type blacklist registered
2024-03-04T00:37:02.020614+00:00 seruelas kernel: [    0.333016] workingset: timestamp_bits=36 max_order=20 bucket_order=0
2024-03-04T00:37:02.020614+00:00 seruelas kernel: [    0.333026] zbud: loaded
2024-03-04T00:37:02.020614+00:00 seruelas kernel: [    0.333105] squashfs: version 4.0 (2009/01/31) Phillip Lougher
2024-03-04T00:37:02.020614+00:00 seruelas kernel: [    0.333432] fuse: init (API version 7.38)
2024-03-04T00:37:02.020615+00:00 seruelas kernel: [    0.333945] integrity: Platform Keyring initialized
2024-03-04T00:37:02.020616+00:00 seruelas kernel: [    0.333946] integrity: Machine keyring initialized
2024-03-04T00:37:02.020616+00:00 seruelas kernel: [    0.337416] Key type asymmetric registered
2024-03-04T00:37:02.020617+00:00 seruelas kernel: [    0.337416] Asymmetric key parser 'x509' registered
2024-03-04T00:37:02.020617+00:00 seruelas kernel: [    0.337416] Block layer SCSI generic (bsg) driver version 0.4 loaded (major 243)
2024-03-04T00:37:02.020617+00:00 seruelas kernel: [    0.343155] io scheduler mq-deadline registered
2024-03-04T00:37:02.020617+00:00 seruelas kernel: [    0.343822] shpchp: Standard Hot Plug PCI Controller Driver version: 0.4
2024-03-04T00:37:02.020619+00:00 seruelas kernel: [    0.343926] ACPI: AC: AC Adapter [AC] (on-line)
2024-03-04T00:37:02.020619+00:00 seruelas kernel: [    0.343951] input: Power Button as /devices/LNXSYSTM:00/LNXPWRBN:00/input/input0
2024-03-04T00:37:02.020619+00:00 seruelas kernel: [    0.343967] ACPI: button: Power Button [PWRF]
2024-03-04T00:37:02.020619+00:00 seruelas kernel: [    0.344011] input: Sleep Button as /devices/LNXSYSTM:00/LNXSLPBN:00/input/input1
2024-03-04T00:37:02.020620+00:00 seruelas kernel: [    0.344019] ACPI: button: Sleep Button [SLPF]
2024-03-04T00:37:02.020620+00:00 seruelas kernel: [    0.353765] Serial: 8250/16550 driver, 32 ports, IRQ sharing enabled
2024-03-04T00:37:02.020620+00:00 seruelas kernel: [    0.354571] Linux agpgart interface v0.103
2024-03-04T00:37:02.020622+00:00 seruelas kernel: [    0.355624] loop: module loaded
2024-03-04T00:37:02.020622+00:00 seruelas kernel: [    0.355687] ata_piix 0000:00:01.1: version 2.13
2024-03-04T00:37:02.020622+00:00 seruelas kernel: [    0.356311] scsi host0: ata_piix
2024-03-04T00:37:02.020622+00:00 seruelas kernel: [    0.356349] scsi host1: ata_piix
2024-03-04T00:37:02.020622+00:00 seruelas kernel: [    0.356361] ata1: PATA max UDMA/33 cmd 0x1f0 ctl 0x3f6 bmdma 0xd000 irq 14
2024-03-04T00:37:02.020623+00:00 seruelas kernel: [    0.356362] ata2: PATA max UDMA/33 cmd 0x170 ctl 0x376 bmdma 0xd008 irq 15
2024-03-04T00:37:02.020624+00:00 seruelas kernel: [    0.356417] tun: Universal TUN/TAP device driver, 1.6
2024-03-04T00:37:02.020625+00:00 seruelas kernel: [    0.356857] PPP generic driver version 2.4.2
2024-03-04T00:37:02.020625+00:00 seruelas kernel: [    0.357462] ohci-pci 0000:00:06.0: OHCI PCI host controller
2024-03-04T00:37:02.020625+00:00 seruelas kernel: [    0.357466] ohci-pci 0000:00:06.0: new USB bus registered, assigned bus number 1
2024-03-04T00:37:02.020625+00:00 seruelas kernel: [    0.357690] ohci-pci 0000:00:06.0: irq 22, io mem 0xf0804000
2024-03-04T00:37:02.020625+00:00 seruelas kernel: [    0.501875] usb usb1: New USB device found, idVendor=1d6b, idProduct=0001, bcdDevice= 6.02
2024-03-04T00:37:02.020626+00:00 seruelas kernel: [    0.501880] usb usb1: New USB device strings: Mfr=3, Product=2, SerialNumber=1
2024-03-04T00:37:02.020627+00:00 seruelas kernel: [    0.501881] usb usb1: Product: OHCI PCI host controller
2024-03-04T00:37:02.020666+00:00 seruelas kernel: [    0.501882] usb usb1: Manufacturer: Linux 6.2.0-39-generic ohci_hcd
2024-03-04T00:37:02.020666+00:00 seruelas kernel: [    0.501883] usb usb1: SerialNumber: 0000:00:06.0
2024-03-04T00:37:02.020667+00:00 seruelas kernel: [    0.501966] hub 1-0:1.0: USB hub found
2024-03-04T00:37:02.020667+00:00 seruelas kernel: [    0.502002] hub 1-0:1.0: 12 ports detected
2024-03-04T00:37:02.020667+00:00 seruelas kernel: [    0.502621] i8042: PNP: PS/2 Controller [PNP0303:PS2K,PNP0f03:PS2M] at 0x60,0x64 irq 1,12
2024-03-04T00:37:02.020669+00:00 seruelas kernel: [    0.503294] ehci-pci 0000:00:0b.0: EHCI Host Controller
2024-03-04T00:37:02.020669+00:00 seruelas kernel: [    0.503298] ehci-pci 0000:00:0b.0: new USB bus registered, assigned bus number 2
2024-03-04T00:37:02.020669+00:00 seruelas kernel: [    0.504563] serio: i8042 KBD port at 0x60,0x64 irq 1
2024-03-04T00:37:02.020669+00:00 seruelas kernel: [    0.504570] serio: i8042 AUX port at 0x60,0x64 irq 12
2024-03-04T00:37:02.020670+00:00 seruelas kernel: [    0.505059] ehci-pci 0000:00:0b.0: irq 19, io mem 0xf0805000
2024-03-04T00:37:02.020670+00:00 seruelas kernel: [    0.505217] mousedev: PS/2 mouse device common for all mice
2024-03-04T00:37:02.020672+00:00 seruelas kernel: [    0.505880] input: AT Translated Set 2 keyboard as /devices/platform/i8042/serio0/input/input2
2024-03-04T00:37:02.020672+00:00 seruelas kernel: [    0.507172] rtc_cmos rtc_cmos: registered as rtc0
2024-03-04T00:37:02.020672+00:00 seruelas kernel: [    0.507326] rtc_cmos rtc_cmos: setting system clock to 2024-03-04T00:36:54 UTC (1709512614)
2024-03-04T00:37:02.020672+00:00 seruelas kernel: [    0.507399] rtc_cmos rtc_cmos: alarms up to one day, 114 bytes nvram
2024-03-04T00:37:02.020672+00:00 seruelas kernel: [    0.507403] i2c_dev: i2c /dev entries driver
2024-03-04T00:37:02.020673+00:00 seruelas kernel: [    0.507418] device-mapper: core: CONFIG_IMA_DISABLE_HTABLE is disabled. Duplicate IMA measurements will not be recorded in the IMA log.
2024-03-04T00:37:02.020675+00:00 seruelas kernel: [    0.507432] device-mapper: uevent: version 1.0.3
2024-03-04T00:37:02.020676+00:00 seruelas kernel: [    0.507454] device-mapper: ioctl: 4.47.0-ioctl (2022-07-28) initialised: dm-devel@redhat.com
2024-03-04T00:37:02.020676+00:00 seruelas kernel: [    0.507468] platform eisa.0: Probing EISA bus 0
2024-03-04T00:37:02.020676+00:00 seruelas kernel: [    0.507469] platform eisa.0: EISA: Cannot allocate resource for mainboard
2024-03-04T00:37:02.020676+00:00 seruelas kernel: [    0.507470] platform eisa.0: Cannot allocate resource for EISA slot 1
2024-03-04T00:37:02.020676+00:00 seruelas kernel: [    0.507471] platform eisa.0: Cannot allocate resource for EISA slot 2
2024-03-04T00:37:02.020677+00:00 seruelas kernel: [    0.507471] platform eisa.0: Cannot allocate resource for EISA slot 3
2024-03-04T00:37:02.020679+00:00 seruelas kernel: [    0.507472] platform eisa.0: Cannot allocate resource for EISA slot 4
2024-03-04T00:37:02.020679+00:00 seruelas kernel: [    0.507473] platform eisa.0: Cannot allocate resource for EISA slot 5
2024-03-04T00:37:02.020679+00:00 seruelas kernel: [    0.507473] platform eisa.0: Cannot allocate resource for EISA slot 6
2024-03-04T00:37:02.020679+00:00 seruelas kernel: [    0.507474] platform eisa.0: Cannot allocate resource for EISA slot 7
2024-03-04T00:37:02.020679+00:00 seruelas kernel: [    0.507474] platform eisa.0: Cannot allocate resource for EISA slot 8
2024-03-04T00:37:02.020680+00:00 seruelas kernel: [    0.507475] platform eisa.0: EISA: Detected 0 cards
2024-03-04T00:37:02.020681+00:00 seruelas kernel: [    0.507477] intel_pstate: CPU model not supported
2024-03-04T00:37:02.020682+00:00 seruelas kernel: [    0.508086] Freeing initrd memory: 66804K
2024-03-04T00:37:02.020682+00:00 seruelas kernel: [    0.508172] ledtrig-cpu: registered to indicate activity on CPUs
2024-03-04T00:37:02.020682+00:00 seruelas kernel: [    0.508225] drop_monitor: Initializing network drop monitor service
2024-03-04T00:37:02.020682+00:00 seruelas kernel: [    0.520129] NET: Registered PF_INET6 protocol family
2024-03-04T00:37:02.020682+00:00 seruelas kernel: [    0.526363] Segment Routing with IPv6
2024-03-04T00:37:02.020683+00:00 seruelas kernel: [    0.526363] In-situ OAM (IOAM) with IPv6
2024-03-04T00:37:02.020684+00:00 seruelas kernel: [    0.526363] NET: Registered PF_PACKET protocol family
2024-03-04T00:37:02.020684+00:00 seruelas kernel: [    0.526363] Key type dns_resolver registered
2024-03-04T00:37:02.020685+00:00 seruelas kernel: [    0.532650] ehci-pci 0000:00:0b.0: USB 2.0 started, EHCI 1.00
2024-03-04T00:37:02.020685+00:00 seruelas kernel: [    0.532696] usb usb2: New USB device found, idVendor=1d6b, idProduct=0002, bcdDevice= 6.02
2024-03-04T00:37:02.020685+00:00 seruelas kernel: [    0.532697] usb usb2: New USB device strings: Mfr=3, Product=2, SerialNumber=1
2024-03-04T00:37:02.020685+00:00 seruelas kernel: [    0.532698] usb usb2: Product: EHCI Host Controller
2024-03-04T00:37:02.020688+00:00 seruelas kernel: [    0.532699] usb usb2: Manufacturer: Linux 6.2.0-39-generic ehci_hcd
2024-03-04T00:37:02.020688+00:00 seruelas kernel: [    0.532700] usb usb2: SerialNumber: 0000:00:0b.0
2024-03-04T00:37:02.020688+00:00 seruelas kernel: [    0.532741] ata2.00: ATAPI: VBOX CD-ROM, 1.0, max UDMA/133
2024-03-04T00:37:02.020688+00:00 seruelas kernel: [    0.532793] hub 2-0:1.0: USB hub found
2024-03-04T00:37:02.020688+00:00 seruelas kernel: [    0.532796] hub 2-0:1.0: 12 ports detected
2024-03-04T00:37:02.020689+00:00 seruelas kernel: [    0.533237] IPI shorthand broadcast: enabled
2024-03-04T00:37:02.020690+00:00 seruelas kernel: [    0.533901] sched_clock: Marking stable (498514575, 34161628)->(559507140, -26830937)
2024-03-04T00:37:02.020690+00:00 seruelas kernel: [    0.534621] registered taskstats version 1
2024-03-04T00:37:02.020691+00:00 seruelas kernel: [    0.535297] Loading compiled-in X.509 certificates
2024-03-04T00:37:02.020691+00:00 seruelas kernel: [    0.535781] scsi 1:0:0:0: CD-ROM            VBOX     CD-ROM           1.0  PQ: 0 ANSI: 5
2024-03-04T00:37:02.020691+00:00 seruelas kernel: [    0.535822] Loaded X.509 cert 'Build time autogenerated kernel key: 6eddb12449a36413eb2a4fa19a0e4a40816a388f'
2024-03-04T00:37:02.020691+00:00 seruelas kernel: [    0.536442] Loaded X.509 cert 'Canonical Ltd. Live Patch Signing: 14df34d1a87cf37625abec039ef2bf521249b969'
2024-03-04T00:37:02.020693+00:00 seruelas kernel: [    0.536815] Loaded X.509 cert 'Canonical Ltd. Kernel Module Signing: 88f752e560a1e0737e31163a466ad7b70a850c19'
2024-03-04T00:37:02.020693+00:00 seruelas kernel: [    0.536817] blacklist: Loading compiled-in revocation X.509 certificates
2024-03-04T00:37:02.020694+00:00 seruelas kernel: [    0.536827] Loaded X.509 cert 'Canonical Ltd. Secure Boot Signing: 61482aa2830d0ab2ad5af10b7250da9033ddcef0'
2024-03-04T00:37:02.020694+00:00 seruelas kernel: [    0.536836] Loaded X.509 cert 'Canonical Ltd. Secure Boot Signing (2017): 242ade75ac4a15e50d50c84b0d45ff3eae707a03'
2024-03-04T00:37:02.020694+00:00 seruelas kernel: [    0.536843] Loaded X.509 cert 'Canonical Ltd. Secure Boot Signing (ESM 2018): 365188c1d374d6b07c3c8f240f8ef722433d6a8b'
2024-03-04T00:37:02.020694+00:00 seruelas kernel: [    0.536849] Loaded X.509 cert 'Canonical Ltd. Secure Boot Signing (2019): c0746fd6c5da3ae827864651ad66ae47fe24b3e8'
2024-03-04T00:37:02.020696+00:00 seruelas kernel: [    0.536857] Loaded X.509 cert 'Canonical Ltd. Secure Boot Signing (2021 v1): a8d54bbb3825cfb94fa13c9f8a594a195c107b8d'
2024-03-04T00:37:02.020696+00:00 seruelas kernel: [    0.536864] Loaded X.509 cert 'Canonical Ltd. Secure Boot Signing (2021 v2): 4cf046892d6fd3c9a5b03f98d845f90851dc6a8c'
2024-03-04T00:37:02.020697+00:00 seruelas kernel: [    0.536870] Loaded X.509 cert 'Canonical Ltd. Secure Boot Signing (2021 v3): 100437bb6de6e469b581e61cd66bce3ef4ed53af'
2024-03-04T00:37:02.020697+00:00 seruelas kernel: [    0.536877] Loaded X.509 cert 'Canonical Ltd. Secure Boot Signing (Ubuntu Core 2019): c1d57b8f6b743f23ee41f4f7ee292f06eecadfb9'
2024-03-04T00:37:02.020697+00:00 seruelas kernel: [    0.536925] zswap: loaded using pool lzo/zbud
2024-03-04T00:37:02.020699+00:00 seruelas kernel: [    0.538338] Key type .fscrypt registered
2024-03-04T00:37:02.020699+00:00 seruelas kernel: [    0.538339] Key type fscrypt-provisioning registered
2024-03-04T00:37:02.020699+00:00 seruelas kernel: [    0.544506] Key type encrypted registered
2024-03-04T00:37:02.020699+00:00 seruelas kernel: [    0.544509] AppArmor: AppArmor sha1 policy hashing enabled
2024-03-04T00:37:02.020699+00:00 seruelas kernel: [    0.544515] ima: No TPM chip found, activating TPM-bypass!
2024-03-04T00:37:02.020700+00:00 seruelas kernel: [    0.544516] Loading compiled-in module X.509 certificates
2024-03-04T00:37:02.020700+00:00 seruelas kernel: [    0.544747] Loaded X.509 cert 'Build time autogenerated kernel key: 6eddb12449a36413eb2a4fa19a0e4a40816a388f'
2024-03-04T00:37:02.020702+00:00 seruelas kernel: [    0.544748] ima: Allocated hash algorithm: sha1
2024-03-04T00:37:02.020702+00:00 seruelas kernel: [    0.544753] ima: No architecture policies found
2024-03-04T00:37:02.020702+00:00 seruelas kernel: [    0.544759] evm: Initialising EVM extended attributes:
2024-03-04T00:37:02.020702+00:00 seruelas kernel: [    0.544760] evm: security.selinux
2024-03-04T00:37:02.020703+00:00 seruelas kernel: [    0.544760] evm: security.SMACK64
2024-03-04T00:37:02.020703+00:00 seruelas kernel: [    0.544761] evm: security.SMACK64EXEC
2024-03-04T00:37:02.020705+00:00 seruelas kernel: [    0.544761] evm: security.SMACK64TRANSMUTE
2024-03-04T00:37:02.020705+00:00 seruelas kernel: [    0.544762] evm: security.SMACK64MMAP
2024-03-04T00:37:02.020705+00:00 seruelas kernel: [    0.544762] evm: security.apparmor
2024-03-04T00:37:02.020705+00:00 seruelas kernel: [    0.544762] evm: security.ima
2024-03-04T00:37:02.020705+00:00 seruelas kernel: [    0.544763] evm: security.capability
2024-03-04T00:37:02.020706+00:00 seruelas kernel: [    0.544763] evm: HMAC attrs: 0x1
2024-03-04T00:37:02.020707+00:00 seruelas kernel: [    0.545243] PM:   Magic number: 0:857:606
2024-03-04T00:37:02.020708+00:00 seruelas kernel: [    0.545638] RAS: Correctable Errors collector initialized.
2024-03-04T00:37:02.020708+00:00 seruelas kernel: [    0.563548] sr 1:0:0:0: [sr0] scsi3-mmc drive: 32x/32x xa/form2 tray
2024-03-04T00:37:02.020708+00:00 seruelas kernel: [    0.563550] cdrom: Uniform CD-ROM driver Revision: 3.20
2024-03-04T00:37:02.020708+00:00 seruelas kernel: [    0.595057] sr 1:0:0:0: Attached scsi CD-ROM sr0
2024-03-04T00:37:02.020708+00:00 seruelas kernel: [    0.595212] sr 1:0:0:0: Attached scsi generic sg0 type 5
2024-03-04T00:37:02.020709+00:00 seruelas kernel: [    0.596733] Freeing unused decrypted memory: 2036K
2024-03-04T00:37:02.020710+00:00 seruelas kernel: [    0.597467] Freeing unused kernel image (initmem) memory: 4764K
2024-03-04T00:37:02.020710+00:00 seruelas kernel: [    0.610817] Write protecting the kernel read-only data: 34816k
2024-03-04T00:37:02.020711+00:00 seruelas kernel: [    0.612945] Freeing unused kernel image (rodata/data gap) memory: 1324K
2024-03-04T00:37:02.020711+00:00 seruelas kernel: [    0.618726] x86/mm: Checked W+X mappings: passed, no W+X pages found.
2024-03-04T00:37:02.020711+00:00 seruelas kernel: [    0.618731] Run /init as init process
2024-03-04T00:37:02.020711+00:00 seruelas kernel: [    0.618733]   with arguments:
2024-03-04T00:37:02.020713+00:00 seruelas kernel: [    0.618734]     /init
2024-03-04T00:37:02.020713+00:00 seruelas kernel: [    0.618734]     splash
2024-03-04T00:37:02.020713+00:00 seruelas kernel: [    0.618735]   with environment:
2024-03-04T00:37:02.020713+00:00 seruelas kernel: [    0.618735]     HOME=/
2024-03-04T00:37:02.020714+00:00 seruelas kernel: [    0.618736]     TERM=linux
2024-03-04T00:37:02.020714+00:00 seruelas kernel: [    0.618736]     BOOT_IMAGE=/boot/vmlinuz-6.2.0-39-generic
2024-03-04T00:37:02.020714+00:00 seruelas kernel: [    0.684815] e1000: Intel(R) PRO/1000 Network Driver
2024-03-04T00:37:02.020716+00:00 seruelas kernel: [    0.684818] e1000: Copyright (c) 1999-2006 Intel Corporation.
2024-03-04T00:37:02.020716+00:00 seruelas kernel: [    0.688951] piix4_smbus 0000:00:07.0: SMBus Host Controller at 0x4100, revision 0
2024-03-04T00:37:02.020716+00:00 seruelas kernel: [    0.700025] ahci 0000:00:0d.0: version 3.0
2024-03-04T00:37:02.020716+00:00 seruelas kernel: [    0.707818] ACPI: video: Video Device [GFX0] (multi-head: yes  rom: no  post: no)
2024-03-04T00:37:02.020717+00:00 seruelas kernel: [    0.707857] input: Video Bus as /devices/LNXSYSTM:00/LNXSYBUS:00/PNP0A03:00/LNXVIDEO:00/input/input5
2024-03-04T00:37:02.020717+00:00 seruelas kernel: [    0.707930] ahci 0000:00:0d.0: SSS flag set, parallel bus scan disabled
2024-03-04T00:37:02.020719+00:00 seruelas kernel: [    0.708457] ahci 0000:00:0d.0: AHCI 0001.0100 32 slots 1 ports 3 Gbps 0x1 impl SATA mode
2024-03-04T00:37:02.020719+00:00 seruelas kernel: [    0.708460] ahci 0000:00:0d.0: flags: 64bit ncq stag only ccc 
2024-03-04T00:37:02.020719+00:00 seruelas kernel: [    0.712664] scsi host2: ahci
2024-03-04T00:37:02.020719+00:00 seruelas kernel: [    0.712707] ata3: SATA max UDMA/133 abar m8192@0xf0806000 port 0xf0806100 irq 21
2024-03-04T00:37:02.020719+00:00 seruelas kernel: [    0.842286] usb 1-1: new full-speed USB device number 2 using ohci-pci
2024-03-04T00:37:02.020749+00:00 seruelas kernel: [    0.911495] input: ImExPS/2 Generic Explorer Mouse as /devices/platform/i8042/serio1/input/input4
2024-03-04T00:37:02.020751+00:00 seruelas kernel: [    1.028946] ata3: SATA link up 3.0 Gbps (SStatus 123 SControl 300)
2024-03-04T00:37:02.020751+00:00 seruelas kernel: [    1.029149] ata3.00: ATA-6: VBOX HARDDISK, 1.0, max UDMA/133
2024-03-04T00:37:02.020752+00:00 seruelas kernel: [    1.029151] ata3.00: 73400320 sectors, multi 128: LBA48 NCQ (depth 32)
2024-03-04T00:37:02.020752+00:00 seruelas kernel: [    1.029538] ata3.00: configured for UDMA/133
2024-03-04T00:37:02.020752+00:00 seruelas kernel: [    1.030385] scsi 2:0:0:0: Direct-Access     ATA      VBOX HARDDISK    1.0  PQ: 0 ANSI: 5
2024-03-04T00:37:02.020752+00:00 seruelas kernel: [    1.030677] sd 2:0:0:0: [sda] 73400320 512-byte logical blocks: (37.6 GB/35.0 GiB)
2024-03-04T00:37:02.020752+00:00 seruelas kernel: [    1.030682] sd 2:0:0:0: [sda] Write Protect is off
2024-03-04T00:37:02.020754+00:00 seruelas kernel: [    1.030683] sd 2:0:0:0: [sda] Mode Sense: 00 3a 00 00
2024-03-04T00:37:02.020754+00:00 seruelas kernel: [    1.030688] sd 2:0:0:0: [sda] Write cache: enabled, read cache: enabled, doesn't support DPO or FUA
2024-03-04T00:37:02.020755+00:00 seruelas kernel: [    1.030695] sd 2:0:0:0: [sda] Preferred minimum I/O size 512 bytes
2024-03-04T00:37:02.020755+00:00 seruelas kernel: [    1.030798] sd 2:0:0:0: Attached scsi generic sg1 type 0
2024-03-04T00:37:02.020755+00:00 seruelas kernel: [    1.033492]  sda: sda1 sda2
2024-03-04T00:37:02.020755+00:00 seruelas kernel: [    1.033544] sd 2:0:0:0: [sda] Attached SCSI disk
2024-03-04T00:37:02.020757+00:00 seruelas kernel: [    1.161740] e1000 0000:00:03.0 eth0: (PCI:33MHz:32-bit) 08:00:27:1f:3d:ca
2024-03-04T00:37:02.020757+00:00 seruelas kernel: [    1.161746] e1000 0000:00:03.0 eth0: Intel(R) PRO/1000 Network Connection
2024-03-04T00:37:02.020757+00:00 seruelas kernel: [    1.162442] e1000 0000:00:03.0 enp0s3: renamed from eth0
2024-03-04T00:37:02.020758+00:00 seruelas kernel: [    1.188763] usb 1-1: New USB device found, idVendor=80ee, idProduct=0021, bcdDevice= 1.00
2024-03-04T00:37:02.020758+00:00 seruelas kernel: [    1.188766] usb 1-1: New USB device strings: Mfr=1, Product=3, SerialNumber=0
2024-03-04T00:37:02.020758+00:00 seruelas kernel: [    1.188768] usb 1-1: Product: USB Tablet
2024-03-04T00:37:02.020773+00:00 seruelas kernel: [    1.188769] usb 1-1: Manufacturer: VirtualBox
2024-03-04T00:37:02.020774+00:00 seruelas kernel: [    1.195536] hid: raw HID events driver (C) Jiri Kosina
2024-03-04T00:37:02.020774+00:00 seruelas kernel: [    1.207025] usbcore: registered new interface driver usbhid
2024-03-04T00:37:02.020774+00:00 seruelas kernel: [    1.207027] usbhid: USB HID core driver
2024-03-04T00:37:02.020774+00:00 seruelas kernel: [    1.208539] input: VirtualBox USB Tablet as /devices/pci0000:00/0000:00:06.0/usb1/1-1/1-1:1.0/0003:80EE:0021.0001/input/input6
2024-03-04T00:37:02.020774+00:00 seruelas kernel: [    1.208600] hid-generic 0003:80EE:0021.0001: input,hidraw0: USB HID v1.10 Mouse [VirtualBox USB Tablet] on usb-0000:00:06.0-1/input0
2024-03-04T00:37:02.020776+00:00 seruelas kernel: [    1.374495] EXT4-fs (sda2): orphan cleanup on readonly fs
2024-03-04T00:37:02.020776+00:00 seruelas kernel: [    1.374688] EXT4-fs (sda2): mounted filesystem e016ce98-9fe3-45f7-a2f8-f9293909d604 with ordered data mode. Quota mode: none.
2024-03-04T00:37:02.020777+00:00 seruelas kernel: [    1.480476] systemd[1]: Inserted module 'autofs4'
2024-03-04T00:37:02.020777+00:00 seruelas kernel: [    1.496532] systemd[1]: systemd 252.5-2ubuntu3 running in system mode (+PAM +AUDIT +SELINUX +APPARMOR +IMA +SMACK +SECCOMP +GCRYPT -GNUTLS +OPENSSL +ACL +BLKID +CURL +ELFUTILS +FIDO2 +IDN2 -IDN +IPTC +KMOD +LIBCRYPTSETUP +LIBFDISK +PCRE2 -PWQUALITY +P11KIT +QRENCODE +TPM2 +BZIP2 +LZ4 +XZ +ZLIB +ZSTD -BPF_FRAMEWORK -XKBCOMMON +UTMP +SYSVINIT default-hierarchy=unified)
2024-03-04T00:37:02.020777+00:00 seruelas kernel: [    1.496534] systemd[1]: Detected virtualization oracle.
2024-03-04T00:37:02.020777+00:00 seruelas kernel: [    1.496536] systemd[1]: Detected architecture x86-64.
2024-03-04T00:37:02.020779+00:00 seruelas kernel: [    1.497963] systemd[1]: Hostname set to <seruelas>.
2024-03-04T00:37:02.020780+00:00 seruelas kernel: [    1.499459] systemd[1]: Invalid DMI field header.
2024-03-04T00:37:02.020780+00:00 seruelas kernel: [    1.847515] systemd[1]: Queued start job for default target graphical.target.
2024-03-04T00:37:02.020780+00:00 seruelas kernel: [    1.867326] systemd[1]: Created slice system-modprobe.slice - Slice /system/modprobe.
2024-03-04T00:37:02.020780+00:00 seruelas kernel: [    1.867435] systemd[1]: Created slice user.slice - User and Session Slice.
2024-03-04T00:37:02.020780+00:00 seruelas kernel: [    1.867461] systemd[1]: Started systemd-ask-password-wall.path - Forward Password Requests to Wall Directory Watch.
2024-03-04T00:37:02.020782+00:00 seruelas kernel: [    1.867539] systemd[1]: Set up automount proc-sys-fs-binfmt_misc.automount - Arbitrary Executable File Formats File System Automount Point.
2024-03-04T00:37:02.020783+00:00 seruelas kernel: [    1.867553] systemd[1]: Reached target integritysetup.target - Local Integrity Protected Volumes.
2024-03-04T00:37:02.020783+00:00 seruelas kernel: [    1.867565] systemd[1]: Reached target remote-fs.target - Remote File Systems.
2024-03-04T00:37:02.020783+00:00 seruelas kernel: [    1.867569] systemd[1]: Reached target slices.target - Slice Units.
2024-03-04T00:37:02.020783+00:00 seruelas kernel: [    1.867575] systemd[1]: Reached target snapd.mounts-pre.target - Mounting snaps.
2024-03-04T00:37:02.020783+00:00 seruelas kernel: [    1.867584] systemd[1]: Reached target veritysetup.target - Local Verity Protected Volumes.
2024-03-04T00:37:02.020785+00:00 seruelas kernel: [    1.867645] systemd[1]: Listening on syslog.socket - Syslog Socket.
2024-03-04T00:37:02.020785+00:00 seruelas kernel: [    1.867674] systemd[1]: Listening on systemd-fsckd.socket - fsck to fsckd communication Socket.
2024-03-04T00:37:02.020786+00:00 seruelas kernel: [    1.867693] systemd[1]: Listening on systemd-initctl.socket - initctl Compatibility Named Pipe.
2024-03-04T00:37:02.020786+00:00 seruelas kernel: [    1.867757] systemd[1]: Listening on systemd-journald-audit.socket - Journal Audit Socket.
2024-03-04T00:37:02.020786+00:00 seruelas kernel: [    1.867808] systemd[1]: Listening on systemd-journald-dev-log.socket - Journal Socket (/dev/log).
2024-03-04T00:37:02.020786+00:00 seruelas kernel: [    1.867843] systemd[1]: Listening on systemd-journald.socket - Journal Socket.
2024-03-04T00:37:02.020788+00:00 seruelas kernel: [    1.867884] systemd[1]: Listening on systemd-oomd.socket - Userspace Out-Of-Memory (OOM) Killer Socket.
2024-03-04T00:37:02.020788+00:00 seruelas kernel: [    1.868236] systemd[1]: Listening on systemd-udevd-control.socket - udev Control Socket.
2024-03-04T00:37:02.020788+00:00 seruelas kernel: [    1.868286] systemd[1]: Listening on systemd-udevd-kernel.socket - udev Kernel Socket.
2024-03-04T00:37:02.020789+00:00 seruelas kernel: [    1.868946] systemd[1]: Mounting dev-hugepages.mount - Huge Pages File System...
2024-03-04T00:37:02.020789+00:00 seruelas kernel: [    1.869543] systemd[1]: Mounting dev-mqueue.mount - POSIX Message Queue File System...
2024-03-04T00:37:02.020789+00:00 seruelas kernel: [    1.870134] systemd[1]: Mounting sys-kernel-debug.mount - Kernel Debug File System...
2024-03-04T00:37:02.020789+00:00 seruelas kernel: [    1.870782] systemd[1]: Mounting sys-kernel-tracing.mount - Kernel Trace File System...
2024-03-04T00:37:02.020792+00:00 seruelas kernel: [    1.872530] systemd[1]: Starting systemd-journald.service - Journal Service...
2024-03-04T00:37:02.020792+00:00 seruelas kernel: [    1.873047] systemd[1]: Starting keyboard-setup.service - Set the console keyboard layout...
2024-03-04T00:37:02.020792+00:00 seruelas kernel: [    1.873581] systemd[1]: Starting kmod-static-nodes.service - Create List of Static Device Nodes...
2024-03-04T00:37:02.020793+00:00 seruelas kernel: [    1.874055] systemd[1]: Starting modprobe@configfs.service - Load Kernel Module configfs...
2024-03-04T00:37:02.020793+00:00 seruelas kernel: [    1.874614] systemd[1]: Starting modprobe@drm.service - Load Kernel Module drm...
2024-03-04T00:37:02.020793+00:00 seruelas kernel: [    1.875121] systemd[1]: Starting modprobe@efi_pstore.service - Load Kernel Module efi_pstore...
2024-03-04T00:37:02.020795+00:00 seruelas kernel: [    1.875598] systemd[1]: Starting modprobe@fuse.service - Load Kernel Module fuse...
2024-03-04T00:37:02.020795+00:00 seruelas kernel: [    1.875688] systemd[1]: systemd-fsck-root.service - File System Check on Root Device was skipped because of an unmet condition check (ConditionPathExists=!/run/initramfs/fsck-root).
2024-03-04T00:37:02.020795+00:00 seruelas kernel: [    1.887623] systemd[1]: Starting systemd-modules-load.service - Load Kernel Modules...
2024-03-04T00:37:02.020795+00:00 seruelas kernel: [    1.888596] systemd[1]: Starting systemd-remount-fs.service - Remount Root and Kernel File Systems...
2024-03-04T00:37:02.020796+00:00 seruelas kernel: [    1.888641] systemd[1]: systemd-repart.service - Repartition Root Disk was skipped because no trigger condition checks were met.
2024-03-04T00:37:02.020796+00:00 seruelas kernel: [    1.889515] systemd[1]: Starting systemd-udev-trigger.service - Coldplug All udev Devices...
2024-03-04T00:37:02.020798+00:00 seruelas kernel: [    1.890225] systemd[1]: Mounted dev-hugepages.mount - Huge Pages File System.
2024-03-04T00:37:02.020798+00:00 seruelas kernel: [    1.890270] systemd[1]: Mounted dev-mqueue.mount - POSIX Message Queue File System.
2024-03-04T00:37:02.020798+00:00 seruelas kernel: [    1.890298] systemd[1]: Mounted sys-kernel-debug.mount - Kernel Debug File System.
2024-03-04T00:37:02.020798+00:00 seruelas kernel: [    1.895007] systemd[1]: Finished kmod-static-nodes.service - Create List of Static Device Nodes.
2024-03-04T00:37:02.020799+00:00 seruelas kernel: [    1.895516] systemd[1]: modprobe@configfs.service: Deactivated successfully.
2024-03-04T00:37:02.020799+00:00 seruelas kernel: [    1.901148] systemd[1]: Finished modprobe@configfs.service - Load Kernel Module configfs.
2024-03-04T00:37:02.020801+00:00 seruelas kernel: [    1.901269] systemd[1]: modprobe@efi_pstore.service: Deactivated successfully.
2024-03-04T00:37:02.020801+00:00 seruelas kernel: [    1.901709] systemd[1]: Finished modprobe@efi_pstore.service - Load Kernel Module efi_pstore.
2024-03-04T00:37:02.020801+00:00 seruelas kernel: [    1.916047] EXT4-fs (sda2): re-mounted e016ce98-9fe3-45f7-a2f8-f9293909d604. Quota mode: none.
2024-03-04T00:37:02.020801+00:00 seruelas kernel: [    1.916634] ACPI: bus type drm_connector registered
2024-03-04T00:37:02.020802+00:00 seruelas kernel: [    1.920254] systemd[1]: Mounted sys-kernel-tracing.mount - Kernel Trace File System.
2024-03-04T00:37:02.020802+00:00 seruelas kernel: [    1.920339] systemd[1]: modprobe@drm.service: Deactivated successfully.
2024-03-04T00:37:02.020803+00:00 seruelas kernel: [    1.920443] systemd[1]: Finished modprobe@drm.service - Load Kernel Module drm.
2024-03-04T00:37:02.020804+00:00 seruelas kernel: [    1.920548] systemd[1]: modprobe@fuse.service: Deactivated successfully.
2024-03-04T00:37:02.020804+00:00 seruelas kernel: [    1.920597] systemd[1]: Finished modprobe@fuse.service - Load Kernel Module fuse.
2024-03-04T00:37:02.020804+00:00 seruelas kernel: [    1.920671] systemd[1]: Finished systemd-remount-fs.service - Remount Root and Kernel File Systems.
2024-03-04T00:37:02.020804+00:00 seruelas kernel: [    1.921225] systemd[1]: Activating swap swap.img.swap - /swap.img...
2024-03-04T00:37:02.020805+00:00 seruelas kernel: [    1.921729] systemd[1]: Mounting sys-fs-fuse-connections.mount - FUSE Control File System...
2024-03-04T00:37:02.020805+00:00 seruelas kernel: [    1.922212] systemd[1]: Mounting sys-kernel-config.mount - Kernel Configuration File System...
2024-03-04T00:37:02.020831+00:00 seruelas kernel: [    1.922878] systemd[1]: Starting cloud-init-local.service - Initial cloud-init job (pre-networking)...
2024-03-04T00:37:02.020832+00:00 seruelas kernel: [    1.922904] systemd[1]: systemd-firstboot.service - First Boot Wizard was skipped because of an unmet condition check (ConditionFirstBoot=yes).
2024-03-04T00:37:02.020832+00:00 seruelas kernel: [    1.922940] systemd[1]: systemd-pstore.service - Platform Persistent Storage Archival was skipped because of an unmet condition check (ConditionDirectoryNotEmpty=/sys/fs/pstore).
2024-03-04T00:37:02.020832+00:00 seruelas kernel: [    1.923408] systemd[1]: Starting systemd-random-seed.service - Load/Save Random Seed...
2024-03-04T00:37:02.020832+00:00 seruelas kernel: [    1.923851] systemd[1]: Starting systemd-sysusers.service - Create System Users...
2024-03-04T00:37:02.020834+00:00 seruelas kernel: [    1.923999] systemd[1]: Started systemd-journald.service - Journal Service.
2024-03-04T00:37:02.020834+00:00 seruelas kernel: [    1.927704] lp: driver loaded but no devices found
2024-03-04T00:37:02.020835+00:00 seruelas kernel: [    1.928771] Adding 3992572k swap on /swap.img.  Priority:-2 extents:3 across:4262908k FS
2024-03-04T00:37:02.020835+00:00 seruelas kernel: [    1.946851] ppdev: user-space parallel port driver
2024-03-04T00:37:02.020835+00:00 seruelas kernel: [    1.965094] systemd-journald[201]: Received client request to flush runtime journal.
2024-03-04T00:37:02.020835+00:00 seruelas kernel: [    2.389328] vboxguest: host-version: 7.0.10r158379 0x8000000f
2024-03-04T00:37:02.020835+00:00 seruelas kernel: [    2.401793] vbg_heartbeat_init: Setting up heartbeat to trigger every 2000 milliseconds
2024-03-04T00:37:02.020837+00:00 seruelas kernel: [    2.408032] input: VirtualBox mouse integration as /devices/pci0000:00/0000:00:04.0/input/input7
2024-03-04T00:37:02.020837+00:00 seruelas kernel: [    2.434757] vmwgfx 0000:00:02.0: vgaarb: deactivate vga console
2024-03-04T00:37:02.020838+00:00 seruelas kernel: [    2.435025] Console: switching to colour dummy device 80x25
2024-03-04T00:37:02.020838+00:00 seruelas kernel: [    2.435657] vmwgfx 0000:00:02.0: [drm] FIFO at 0x00000000f0000000 size is 2048 kiB
2024-03-04T00:37:02.020838+00:00 seruelas kernel: [    2.435665] vmwgfx 0000:00:02.0: [drm] VRAM at 0x00000000e0000000 size is 16384 kiB
2024-03-04T00:37:02.020838+00:00 seruelas kernel: [    2.435697] vmwgfx 0000:00:02.0: [drm] Running on SVGA version 2.
2024-03-04T00:37:02.020841+00:00 seruelas kernel: [    2.435713] vmwgfx 0000:00:02.0: [drm] Capabilities: rect copy, cursor, cursor bypass, cursor bypass 2, alpha cursor, extended fifo, pitchlock, irq mask, gmr, traces, gmr2, screen object 2, command buffers, 
2024-03-04T00:37:02.020841+00:00 seruelas kernel: [    2.435714] vmwgfx 0000:00:02.0: [drm] DMA map mode: Caching DMA mappings.
2024-03-04T00:37:02.020841+00:00 seruelas kernel: [    2.435843] vmwgfx 0000:00:02.0: [drm] Legacy memory limits: VRAM = 16384 kB, FIFO = 2048 kB, surface = 507904 kB
2024-03-04T00:37:02.020841+00:00 seruelas kernel: [    2.435844] vmwgfx 0000:00:02.0: [drm] MOB limits: max mob size = 0 kB, max mob pages = 0
2024-03-04T00:37:02.020841+00:00 seruelas kernel: [    2.435845] vmwgfx 0000:00:02.0: [drm] Max GMR ids is 8192
2024-03-04T00:37:02.020842+00:00 seruelas kernel: [    2.435846] vmwgfx 0000:00:02.0: [drm] Max number of GMR pages is 1048576
2024-03-04T00:37:02.020843+00:00 seruelas kernel: [    2.435846] vmwgfx 0000:00:02.0: [drm] Maximum display memory size is 16384 kiB
2024-03-04T00:37:02.020844+00:00 seruelas kernel: [    2.441656] vmwgfx 0000:00:02.0: [drm] Screen Object display unit initialized
2024-03-04T00:37:02.020844+00:00 seruelas kernel: [    2.441981] vmwgfx 0000:00:02.0: [drm] Fifo max 0x00200000 min 0x00001000 cap 0x00000355
2024-03-04T00:37:02.020844+00:00 seruelas kernel: [    2.444242] vmwgfx 0000:00:02.0: [drm] Using command buffers with DMA pool.
2024-03-04T00:37:02.020844+00:00 seruelas kernel: [    2.444251] vmwgfx 0000:00:02.0: [drm] Available shader model: Legacy.
2024-03-04T00:37:02.020844+00:00 seruelas kernel: [    2.444263] [drm:vmw_host_printf [vmwgfx]] *ERROR* Failed to send host log message.
2024-03-04T00:37:02.020846+00:00 seruelas kernel: [    2.454978] [drm] Initialized vmwgfx 2.20.0 20211206 for 0000:00:02.0 on minor 0
2024-03-04T00:37:02.020846+00:00 seruelas kernel: [    2.457332] fbcon: vmwgfxdrmfb (fb0) is primary device
2024-03-04T00:37:02.020847+00:00 seruelas kernel: [    2.494731] RAPL PMU: API unit is 2^-32 Joules, 0 fixed counters, 10737418240 ms ovfl timer
2024-03-04T00:37:02.020847+00:00 seruelas kernel: [    2.515501] Console: switching to colour frame buffer device 160x50
2024-03-04T00:37:02.020847+00:00 seruelas kernel: [    2.556789] vmwgfx 0000:00:02.0: [drm] fb0: vmwgfxdrmfb frame buffer device
2024-03-04T00:37:02.020847+00:00 seruelas kernel: [    2.573469] cryptd: max_cpu_qlen set to 1000
2024-03-04T00:37:02.020847+00:00 seruelas kernel: [    2.582911] SSE version of gcm_enc/dec engaged.
2024-03-04T00:37:02.020849+00:00 seruelas kernel: [    2.722146] intel_rapl_msr: PL4 support detected.
2024-03-04T00:37:02.020849+00:00 seruelas kernel: [    2.907111] loop0: detected capacity change from 0 to 8
2024-03-04T00:37:02.020850+00:00 seruelas kernel: [    2.908410] loop1: detected capacity change from 0 to 149488
2024-03-04T00:37:02.020850+00:00 seruelas kernel: [    2.910432] loop2: detected capacity change from 0 to 187776
2024-03-04T00:37:02.020850+00:00 seruelas kernel: [    2.918088] loop3: detected capacity change from 0 to 943256
2024-03-04T00:37:02.020850+00:00 seruelas kernel: [    2.921150] loop4: detected capacity change from 0 to 25240
2024-03-04T00:37:02.020852+00:00 seruelas kernel: [    2.923866] loop5: detected capacity change from 0 to 495928
2024-03-04T00:37:02.020852+00:00 seruelas kernel: [    2.924327] loop6: detected capacity change from 0 to 904
2024-03-04T00:37:02.020852+00:00 seruelas kernel: [    2.927235] loop7: detected capacity change from 0 to 109032
2024-03-04T00:37:02.020853+00:00 seruelas kernel: [    3.067522] audit: type=1400 audit(1709512617.036:2): apparmor="STATUS" operation="profile_load" profile="unconfined" name="nvidia_modprobe" pid=506 comm="apparmor_parser"
2024-03-04T00:37:02.020853+00:00 seruelas kernel: [    3.074592] audit: type=1400 audit(1709512617.064:3): apparmor="STATUS" operation="profile_load" profile="unconfined" name="nvidia_modprobe//kmod" pid=506 comm="apparmor_parser"
2024-03-04T00:37:02.020853+00:00 seruelas kernel: [    3.079366] audit: type=1400 audit(1709512617.068:4): apparmor="STATUS" operation="profile_load" profile="unconfined" name="lsb_release" pid=505 comm="apparmor_parser"
2024-03-04T00:37:02.020855+00:00 seruelas kernel: [    3.080033] snd_intel8x0 0000:00:05.0: allow list rate for 1028:0177 is 48000
2024-03-04T00:37:02.020855+00:00 seruelas kernel: [    3.184041] audit: type=1400 audit(1709512617.160:5): apparmor="STATUS" operation="profile_load" profile="unconfined" name="/usr/lib/NetworkManager/nm-dhcp-client.action" pid=519 comm="apparmor_parser"
2024-03-04T00:37:02.020855+00:00 seruelas kernel: [    3.184670] audit: type=1400 audit(1709512617.176:6): apparmor="STATUS" operation="profile_load" profile="unconfined" name="/usr/lib/NetworkManager/nm-dhcp-helper" pid=519 comm="apparmor_parser"
2024-03-04T00:37:02.020855+00:00 seruelas kernel: [    3.185039] audit: type=1400 audit(1709512617.176:7): apparmor="STATUS" operation="profile_load" profile="unconfined" name="/usr/lib/connman/scripts/dhclient-script" pid=519 comm="apparmor_parser"
2024-03-04T00:37:02.020856+00:00 seruelas kernel: [    3.185646] audit: type=1400 audit(1709512617.176:8): apparmor="STATUS" operation="profile_load" profile="unconfined" name="/{,usr/}sbin/dhclient" pid=519 comm="apparmor_parser"
2024-03-04T00:37:02.020858+00:00 seruelas kernel: [    3.224172] audit: type=1400 audit(1709512617.216:9): apparmor="STATUS" operation="profile_load" profile="unconfined" name="/usr/bin/man" pid=523 comm="apparmor_parser"
2024-03-04T00:37:02.020858+00:00 seruelas kernel: [    3.224513] audit: type=1400 audit(1709512617.216:10): apparmor="STATUS" operation="profile_load" profile="unconfined" name="man_filter" pid=523 comm="apparmor_parser"
2024-03-04T00:37:02.020858+00:00 seruelas kernel: [    6.116709] kauditd_printk_skb: 18 callbacks suppressed
2024-03-04T00:37:02.020858+00:00 seruelas kernel: [    6.116711] audit: type=1400 audit(1709512620.104:29): apparmor="STATUS" operation="profile_load" profile="unconfined" name="libreoffice-soffice" pid=530 comm="apparmor_parser"
2024-03-04T00:37:02.020859+00:00 seruelas kernel: [    6.117433] audit: type=1400 audit(1709512620.104:30): apparmor="STATUS" operation="profile_load" profile="unconfined" name="libreoffice-soffice//gpg" pid=530 comm="apparmor_parser"
2024-03-04T00:37:02.020860+00:00 seruelas kernel: [    6.339245] audit: type=1400 audit(1709512620.316:31): apparmor="STATUS" operation="profile_load" profile="unconfined" name="/snap/snapd/18933/usr/lib/snapd/snap-confine" pid=548 comm="apparmor_parser"
2024-03-04T00:37:02.020861+00:00 seruelas kernel: [    6.339937] audit: type=1400 audit(1709512620.316:32): apparmor="STATUS" operation="profile_load" profile="unconfined" name="/snap/snapd/18933/usr/lib/snapd/snap-confine//mount-namespace-capture-helper" pid=548 comm="apparmor_parser"
2024-03-04T00:37:02.020861+00:00 seruelas kernel: [    6.400565] audit: type=1400 audit(1709512620.388:33): apparmor="STATUS" operation="profile_load" profile="unconfined" name="snap-update-ns.firefox" pid=549 comm="apparmor_parser"
2024-03-04T00:37:02.020861+00:00 seruelas kernel: [    6.667936] audit: type=1400 audit(1709512620.656:34): apparmor="STATUS" operation="profile_load" profile="unconfined" name="snap-update-ns.snap-store" pid=550 comm="apparmor_parser"
2024-03-04T00:37:02.020861+00:00 seruelas kernel: [    6.758344] audit: type=1400 audit(1709512620.748:35): apparmor="STATUS" operation="profile_load" profile="unconfined" name="snap.firefox.firefox" pid=552 comm="apparmor_parser"
2024-03-04T00:37:02.020863+00:00 seruelas kernel: [    6.769607] audit: type=1400 audit(1709512620.748:36): apparmor="STATUS" operation="profile_load" profile="unconfined" name="snap-update-ns.snapd-desktop-integration" pid=551 comm="apparmor_parser"
2024-03-04T00:37:02.020863+00:00 seruelas kernel: [    6.841470] audit: type=1400 audit(1709512620.824:37): apparmor="STATUS" operation="profile_load" profile="unconfined" name="snap.firefox.hook.configure" pid=554 comm="apparmor_parser"
2024-03-04T00:37:02.020864+00:00 seruelas kernel: [    6.842273] audit: type=1400 audit(1709512620.824:38): apparmor="STATUS" operation="profile_load" profile="unconfined" name="snap.firefox.geckodriver" pid=553 comm="apparmor_parser"
2024-03-04T00:37:02.020322+00:00 seruelas systemd-modules-load[210]: Inserted module 'lp'
2024-03-04T00:37:02.023191+00:00 seruelas systemd[1]: Starting systemd-journal-flush.service - Flush Journal to Persistent Storage...
2024-03-04T00:37:02.023198+00:00 seruelas systemd[1]: Activated swap swap.img.swap - /swap.img.
2024-03-04T00:37:02.023199+00:00 seruelas systemd[1]: Mounted sys-fs-fuse-connections.mount - FUSE Control File System.
2024-03-04T00:37:02.023201+00:00 seruelas systemd-modules-load[210]: Inserted module 'ppdev'
2024-03-04T00:37:02.023202+00:00 seruelas systemd-modules-load[210]: Inserted module 'parport_pc'
2024-03-04T00:37:02.023204+00:00 seruelas systemd[1]: Finished systemd-random-seed.service - Load/Save Random Seed.
2024-03-04T00:37:02.023205+00:00 seruelas systemd[1]: Mounted sys-kernel-config.mount - Kernel Configuration File System.
2024-03-04T00:37:02.023206+00:00 seruelas systemd-modules-load[210]: Inserted module 'msr'
2024-03-04T00:37:02.023208+00:00 seruelas systemd[1]: Finished systemd-modules-load.service - Load Kernel Modules.
2024-03-04T00:37:02.023209+00:00 seruelas systemd[1]: first-boot-complete.target - First Boot Complete was skipped because of an unmet condition check (ConditionFirstBoot=yes).
2024-03-04T00:37:02.023210+00:00 seruelas systemd[1]: Reached target swap.target - Swaps.
2024-03-04T00:37:02.023211+00:00 seruelas systemd[1]: Starting systemd-sysctl.service - Apply Kernel Variables...
2024-03-04T00:37:02.023213+00:00 seruelas systemd[1]: Finished systemd-journal-flush.service - Flush Journal to Persistent Storage.
2024-03-04T00:37:02.023215+00:00 seruelas systemd-sysusers[226]: Creating group 'gamemode' with GID 994.
2024-03-04T00:37:02.023216+00:00 seruelas systemd[1]: Finished systemd-udev-trigger.service - Coldplug All udev Devices.
2024-03-04T00:37:02.023218+00:00 seruelas systemd-sysusers[226]: Creating group 'gnome-initial-setup' with GID 993.
2024-03-04T00:37:02.023219+00:00 seruelas systemd[1]: Finished systemd-sysctl.service - Apply Kernel Variables.
2024-03-04T00:37:02.023221+00:00 seruelas systemd[1]: Finished systemd-sysusers.service - Create System Users.
2024-03-04T00:37:02.023222+00:00 seruelas systemd[1]: Starting systemd-tmpfiles-setup-dev.service - Create Static Device Nodes in /dev...
2024-03-04T00:37:02.023224+00:00 seruelas systemd[1]: Finished keyboard-setup.service - Set the console keyboard layout.
2024-03-04T00:37:02.023225+00:00 seruelas systemd[1]: Finished systemd-tmpfiles-setup-dev.service - Create Static Device Nodes in /dev.
2024-03-04T00:37:02.023227+00:00 seruelas systemd[1]: Reached target local-fs-pre.target - Preparation for Local File Systems.
2024-03-04T00:37:02.023229+00:00 seruelas systemd[1]: Starting systemd-udevd.service - Rule-based Manager for Device Events and Files...
2024-03-04T00:37:02.023230+00:00 seruelas systemd-udevd[240]: Using default interface naming scheme 'v252'.
2024-03-04T00:37:02.023231+00:00 seruelas systemd[1]: Started systemd-udevd.service - Rule-based Manager for Device Events and Files.
2024-03-04T00:37:02.023233+00:00 seruelas systemd[1]: Starting plymouth-start.service - Show Plymouth Boot Screen...
2024-03-04T00:37:02.023234+00:00 seruelas systemd[1]: Received SIGRTMIN+20 from PID 262 (plymouthd).
2024-03-04T00:37:02.023235+00:00 seruelas systemd[1]: Started plymouth-start.service - Show Plymouth Boot Screen.
2024-03-04T00:37:02.023236+00:00 seruelas systemd[1]: systemd-ask-password-console.path - Dispatch Password Requests to Console Directory Watch was skipped because of an unmet condition check (ConditionPathExists=!/run/plymouth/pid).
2024-03-04T00:37:02.023237+00:00 seruelas systemd[1]: Started systemd-ask-password-plymouth.path - Forward Password Requests to Plymouth Directory Watch.
2024-03-04T00:37:02.023239+00:00 seruelas systemd[1]: Reached target cryptsetup.target - Local Encrypted Volumes.
2024-03-04T00:37:02.023241+00:00 seruelas systemd-udevd[256]: event_source: Failed to get device name: No such file or directory
2024-03-04T00:37:02.023242+00:00 seruelas mtp-probe: checking bus 1, device 2: "/sys/devices/pci0000:00/0000:00:06.0/usb1/1-1"
2024-03-04T00:37:02.023244+00:00 seruelas mtp-probe: bus: 1, device: 2 was not an MTP device
2024-03-04T00:37:02.023246+00:00 seruelas systemd-udevd[255]: sda: Process '/usr/bin/unshare -m /usr/bin/snap auto-import --mount=/dev/sda' failed with exit code 1.
2024-03-04T00:37:02.023247+00:00 seruelas cloud-init[286]: Cloud-init v. 23.1.2-0ubuntu0~23.04.1 running 'init-local' at Mon, 04 Mar 2024 00:36:56 +0000. Up 2.33 seconds.
2024-03-04T00:37:02.023249+00:00 seruelas systemd-udevd[243]: sr0: Process '/usr/bin/unshare -m /usr/bin/snap auto-import --mount=/dev/sr0' failed with exit code 1.
2024-03-04T00:37:02.023251+00:00 seruelas systemd[1]: Finished cloud-init-local.service - Initial cloud-init job (pre-networking).
2024-03-04T00:37:02.023252+00:00 seruelas systemd-udevd[247]: sda2: Process '/usr/bin/unshare -m /usr/bin/snap auto-import --mount=/dev/sda2' failed with exit code 1.
2024-03-04T00:37:02.023254+00:00 seruelas systemd-udevd[255]: sda1: Process '/usr/bin/unshare -m /usr/bin/snap auto-import --mount=/dev/sda1' failed with exit code 1.
2024-03-04T00:37:02.023255+00:00 seruelas systemd[1]: Starting cloud-init.service - Initial cloud-init job (metadata service crawler)...
2024-03-04T00:37:02.023256+00:00 seruelas systemd[1]: Listening on systemd-rfkill.socket - Load/Save RF Kill Switch Status /dev/rfkill Watch.
2024-03-04T00:37:02.023258+00:00 seruelas cloud-init[411]: Cloud-init v. 23.1.2-0ubuntu0~23.04.1 running 'init' at Mon, 04 Mar 2024 00:36:56 +0000. Up 2.74 seconds.
2024-03-04T00:37:02.023260+00:00 seruelas cloud-init[411]: ci-info: +++++++++++++++++++++++++++Net device info++++++++++++++++++++++++++++
2024-03-04T00:37:02.023261+00:00 seruelas cloud-init[411]: ci-info: +--------+-------+-----------+-----------+-------+-------------------+
2024-03-04T00:37:02.023263+00:00 seruelas cloud-init[411]: ci-info: | Device |   Up  |  Address  |    Mask   | Scope |     Hw-Address    |
2024-03-04T00:37:02.023264+00:00 seruelas cloud-init[411]: ci-info: +--------+-------+-----------+-----------+-------+-------------------+
2024-03-04T00:37:02.023266+00:00 seruelas cloud-init[411]: ci-info: | enp0s3 | False |     .     |     .     |   .   | 08:00:27:1f:3d:ca |
2024-03-04T00:37:02.023267+00:00 seruelas cloud-init[411]: ci-info: |   lo   |  True | 127.0.0.1 | 255.0.0.0 |  host |         .         |
2024-03-04T00:37:02.023268+00:00 seruelas cloud-init[411]: ci-info: |   lo   |  True |  ::1/128  |     .     |  host |         .         |
2024-03-04T00:37:02.023269+00:00 seruelas cloud-init[411]: ci-info: +--------+-------+-----------+-----------+-------+-------------------+
2024-03-04T00:37:02.023271+00:00 seruelas cloud-init[411]: ci-info: +++++++++++++++++++Route IPv6 info+++++++++++++++++++
2024-03-04T00:37:02.023272+00:00 seruelas cloud-init[411]: ci-info: +-------+-------------+---------+-----------+-------+
2024-03-04T00:37:02.023274+00:00 seruelas cloud-init[411]: ci-info: | Route | Destination | Gateway | Interface | Flags |
2024-03-04T00:37:02.023275+00:00 seruelas cloud-init[411]: ci-info: +-------+-------------+---------+-----------+-------+
2024-03-04T00:37:02.023276+00:00 seruelas cloud-init[411]: ci-info: +-------+-------------+---------+-----------+-------+
2024-03-04T00:37:02.023281+00:00 seruelas systemd[1]: Mounting snap-bare-5.mount - Mount unit for bare, revision 5...
2024-03-04T00:37:02.023282+00:00 seruelas systemd[1]: Mounting snap-core22-607.mount - Mount unit for core22, revision 607...
2024-03-04T00:37:02.023284+00:00 seruelas systemd[1]: Mounting snap-firefox-2517.mount - Mount unit for firefox, revision 2517...
2024-03-04T00:37:02.023285+00:00 seruelas systemd[1]: Mounting snap-gnome\x2d42\x2d2204-87.mount - Mount unit for gnome-42-2204, revision 87...
2024-03-04T00:37:02.023287+00:00 seruelas systemd[1]: Mounting snap-gtk\x2dcommon\x2dthemes-1535.mount - Mount unit for gtk-common-themes, revision 1535...
2024-03-04T00:37:02.023288+00:00 seruelas systemd[1]: Mounting snap-snap\x2dstore-959.mount - Mount unit for snap-store, revision 959...
2024-03-04T00:37:02.023289+00:00 seruelas systemd[1]: Mounting snap-snapd-18933.mount - Mount unit for snapd, revision 18933...
2024-03-04T00:37:02.023291+00:00 seruelas systemd[1]: Mounting snap-snapd\x2ddesktop\x2dintegration-83.mount - Mount unit for snapd-desktop-integration, revision 83...
2024-03-04T00:37:02.023292+00:00 seruelas systemd[1]: Mounted snap-bare-5.mount - Mount unit for bare, revision 5.
2024-03-04T00:37:02.023293+00:00 seruelas systemd[1]: Mounted snap-gtk\x2dcommon\x2dthemes-1535.mount - Mount unit for gtk-common-themes, revision 1535.
2024-03-04T00:37:02.023294+00:00 seruelas systemd[1]: Mounted snap-core22-607.mount - Mount unit for core22, revision 607.
2024-03-04T00:37:02.023295+00:00 seruelas systemd[1]: Mounted snap-gnome\x2d42\x2d2204-87.mount - Mount unit for gnome-42-2204, revision 87.
2024-03-04T00:37:02.023297+00:00 seruelas systemd[1]: Mounted snap-firefox-2517.mount - Mount unit for firefox, revision 2517.
2024-03-04T00:37:02.023299+00:00 seruelas systemd[1]: Mounted snap-snap\x2dstore-959.mount - Mount unit for snap-store, revision 959.
2024-03-04T00:37:02.023300+00:00 seruelas systemd[1]: Mounted snap-snapd\x2ddesktop\x2dintegration-83.mount - Mount unit for snapd-desktop-integration, revision 83.
2024-03-04T00:37:02.023301+00:00 seruelas systemd[1]: Mounted snap-snapd-18933.mount - Mount unit for snapd, revision 18933.
2024-03-04T00:37:02.023302+00:00 seruelas systemd[1]: Reached target snapd.mounts.target - Mounted snaps.
2024-03-04T00:37:02.023303+00:00 seruelas systemd[1]: Reached target local-fs.target - Local File Systems.
2024-03-04T00:37:02.023304+00:00 seruelas systemd[1]: Starting apparmor.service - Load AppArmor profiles...
2024-03-04T00:37:02.023307+00:00 seruelas systemd[1]: Starting console-setup.service - Set console font and keymap...
2024-03-04T00:37:02.023308+00:00 seruelas systemd[1]: Starting plymouth-read-write.service - Tell Plymouth To Write Out Runtime Data...
2024-03-04T00:37:02.023309+00:00 seruelas systemd[1]: Starting systemd-binfmt.service - Set Up Additional Binary Formats...
2024-03-04T00:37:02.023311+00:00 seruelas systemd[1]: systemd-machine-id-commit.service - Commit a transient machine-id on disk was skipped because of an unmet condition check (ConditionPathIsMountPoint=/etc/machine-id).
2024-03-04T00:37:02.023313+00:00 seruelas systemd[1]: Starting systemd-tmpfiles-setup.service - Create Volatile Files and Directories...
2024-03-04T00:37:02.023315+00:00 seruelas systemd[1]: Starting ufw.service - Uncomplicated firewall...
2024-03-04T00:37:02.023316+00:00 seruelas systemd[1]: Finished console-setup.service - Set console font and keymap.
2024-03-04T00:37:02.023318+00:00 seruelas apparmor.systemd[491]: Restarting AppArmor
2024-03-04T00:37:02.023319+00:00 seruelas apparmor.systemd[491]: Reloading AppArmor profiles
2024-03-04T00:37:02.023320+00:00 seruelas systemd[1]: proc-sys-fs-binfmt_misc.automount: Got automount request for /proc/sys/fs/binfmt_misc, triggered by 498 (systemd-binfmt)
2024-03-04T00:37:02.023325+00:00 seruelas systemd[1]: Received SIGRTMIN+20 from PID 262 (plymouthd).
2024-03-04T00:37:02.023345+00:00 seruelas systemd[1]: Finished plymouth-read-write.service - Tell Plymouth To Write Out Runtime Data.
2024-03-04T00:37:02.023346+00:00 seruelas systemd[1]: Finished ufw.service - Uncomplicated firewall.
2024-03-04T00:37:02.023347+00:00 seruelas systemd[1]: Reached target network-pre.target - Preparation for Network.
2024-03-04T00:37:02.023349+00:00 seruelas systemd[1]: Finished systemd-tmpfiles-setup.service - Create Volatile Files and Directories.
2024-03-04T00:37:02.023350+00:00 seruelas systemd[1]: Starting systemd-oomd.service - Userspace Out-Of-Memory (OOM) Killer...
2024-03-04T00:37:02.023352+00:00 seruelas systemd[1]: Starting systemd-resolved.service - Network Name Resolution...
2024-03-04T00:37:02.023353+00:00 seruelas systemd[1]: Starting systemd-timesyncd.service - Network Time Synchronization...
2024-03-04T00:37:02.023354+00:00 seruelas systemd[1]: Starting systemd-update-utmp.service - Record System Boot/Shutdown in UTMP...
2024-03-04T00:37:02.023355+00:00 seruelas systemd[1]: Finished systemd-update-utmp.service - Record System Boot/Shutdown in UTMP.
2024-03-04T00:37:02.023357+00:00 seruelas systemd-udevd[258]: controlC0: Process '/usr/sbin/alsactl -E HOME=/run/alsa -E XDG_RUNTIME_DIR=/run/alsa/runtime restore 0' failed with exit code 99.
2024-03-04T00:37:02.023359+00:00 seruelas systemd[1]: systemd-ask-password-console.path - Dispatch Password Requests to Console Directory Watch was skipped because of an unmet condition check (ConditionPathExists=!/run/plymouth/pid).
2024-03-04T00:37:02.023360+00:00 seruelas systemd[1]: Starting modprobe@efi_pstore.service - Load Kernel Module efi_pstore...
2024-03-04T00:37:02.023361+00:00 seruelas systemd[1]: systemd-firstboot.service - First Boot Wizard was skipped because of an unmet condition check (ConditionFirstBoot=yes).
2024-03-04T00:37:02.023362+00:00 seruelas systemd[1]: first-boot-complete.target - First Boot Complete was skipped because of an unmet condition check (ConditionFirstBoot=yes).
2024-03-04T00:37:02.023364+00:00 seruelas systemd[1]: systemd-machine-id-commit.service - Commit a transient machine-id on disk was skipped because of an unmet condition check (ConditionPathIsMountPoint=/etc/machine-id).
2024-03-04T00:37:02.023365+00:00 seruelas systemd[1]: systemd-repart.service - Repartition Root Disk was skipped because no trigger condition checks were met.
2024-03-04T00:37:02.023367+00:00 seruelas systemd[1]: modprobe@efi_pstore.service: Deactivated successfully.
2024-03-04T00:37:02.023368+00:00 seruelas systemd[1]: Finished modprobe@efi_pstore.service - Load Kernel Module efi_pstore.
2024-03-04T00:37:02.023369+00:00 seruelas systemd[1]: systemd-pstore.service - Platform Persistent Storage Archival was skipped because of an unmet condition check (ConditionDirectoryNotEmpty=/sys/fs/pstore).
2024-03-04T00:37:02.023371+00:00 seruelas cloud-init[411]: Generating public/private rsa key pair.
2024-03-04T00:37:02.023372+00:00 seruelas cloud-init[411]: Your identification has been saved in /etc/ssh/ssh_host_rsa_key
2024-03-04T00:37:02.023373+00:00 seruelas cloud-init[411]: Your public key has been saved in /etc/ssh/ssh_host_rsa_key.pub
2024-03-04T00:37:02.023375+00:00 seruelas cloud-init[411]: The key fingerprint is:
2024-03-04T00:37:02.023376+00:00 seruelas cloud-init[411]: SHA256:I7e8DMpab1oohALiG3YdpvOOg+fTVyk3YRe7E2ik7Uk root@seruelas
2024-03-04T00:37:02.023377+00:00 seruelas cloud-init[411]: The key's randomart image is:
2024-03-04T00:37:02.023379+00:00 seruelas cloud-init[411]: +---[RSA 3072]----+
2024-03-04T00:37:02.023380+00:00 seruelas cloud-init[411]: |                 |
2024-03-04T00:37:02.023382+00:00 seruelas cloud-init[411]: |         . .     |
2024-03-04T00:37:02.023383+00:00 seruelas cloud-init[411]: |o    o  + . o    |
2024-03-04T00:37:02.023384+00:00 seruelas cloud-init[411]: |+.  + .. E +     |
2024-03-04T00:37:02.023385+00:00 seruelas cloud-init[411]: |o+.+ .. S = o    |
2024-03-04T00:37:02.023386+00:00 seruelas cloud-init[411]: |o.+ o. = X o     |
2024-03-04T00:37:02.023388+00:00 seruelas cloud-init[411]: | .o +.o * . .    |
2024-03-04T00:37:02.023389+00:00 seruelas cloud-init[411]: | . Bo=.+ .       |
2024-03-04T00:37:02.023390+00:00 seruelas cloud-init[411]: |  ++*+o o        |
2024-03-04T00:37:02.023391+00:00 seruelas cloud-init[411]: +----[SHA256]-----+
2024-03-04T00:37:02.023392+00:00 seruelas cloud-init[411]: Generating public/private dsa key pair.
2024-03-04T00:37:02.023393+00:00 seruelas cloud-init[411]: Your identification has been saved in /etc/ssh/ssh_host_dsa_key
2024-03-04T00:37:02.023395+00:00 seruelas cloud-init[411]: Your public key has been saved in /etc/ssh/ssh_host_dsa_key.pub
2024-03-04T00:37:02.023396+00:00 seruelas cloud-init[411]: The key fingerprint is:
2024-03-04T00:37:02.023397+00:00 seruelas cloud-init[411]: SHA256:SR2muPspEDxIDbitvs4eF+GMPNBn/6OHJxJ9NBsGo50 root@seruelas
2024-03-04T00:37:02.023399+00:00 seruelas cloud-init[411]: The key's randomart image is:
2024-03-04T00:37:02.023400+00:00 seruelas cloud-init[411]: +---[DSA 1024]----+
2024-03-04T00:37:02.023401+00:00 seruelas cloud-init[411]: | ..o      o      |
2024-03-04T00:37:02.023403+00:00 seruelas cloud-init[411]: |... . o. + .     |
2024-03-04T00:37:02.023404+00:00 seruelas cloud-init[411]: |.+.+oo.+o .      |
2024-03-04T00:37:02.023405+00:00 seruelas cloud-init[411]: |+ *o*.Eo=.       |
2024-03-04T00:37:02.023406+00:00 seruelas cloud-init[411]: | = + +ooS+       |
2024-03-04T00:37:02.023407+00:00 seruelas cloud-init[411]: |. . + .oo        |
2024-03-04T00:37:02.023408+00:00 seruelas cloud-init[411]: |.. . o.oo        |
2024-03-04T00:37:02.023410+00:00 seruelas cloud-init[411]: |..o . +ooo       |
2024-03-04T00:37:02.023411+00:00 seruelas cloud-init[411]: |o=.  ..=o        |
2024-03-04T00:37:02.023412+00:00 seruelas cloud-init[411]: +----[SHA256]-----+
2024-03-04T00:37:02.023413+00:00 seruelas cloud-init[411]: Generating public/private ecdsa key pair.
2024-03-04T00:37:02.023415+00:00 seruelas cloud-init[411]: Your identification has been saved in /etc/ssh/ssh_host_ecdsa_key
2024-03-04T00:37:02.023416+00:00 seruelas cloud-init[411]: Your public key has been saved in /etc/ssh/ssh_host_ecdsa_key.pub
2024-03-04T00:37:02.023417+00:00 seruelas cloud-init[411]: The key fingerprint is:
2024-03-04T00:37:02.023420+00:00 seruelas cloud-init[411]: SHA256:/lEU3gvwyFvj9iPGpuAyMtMIs6Q8ssb3O11ZK9/fRrU root@seruelas
2024-03-04T00:37:02.023421+00:00 seruelas cloud-init[411]: The key's randomart image is:
2024-03-04T00:37:02.023422+00:00 seruelas cloud-init[411]: +---[ECDSA 256]---+
2024-03-04T00:37:02.023423+00:00 seruelas cloud-init[411]: |          . .    |
2024-03-04T00:37:02.023424+00:00 seruelas cloud-init[411]: |         . = o   |
2024-03-04T00:37:02.023426+00:00 seruelas cloud-init[411]: |          o B .  |
2024-03-04T00:37:02.023427+00:00 seruelas cloud-init[411]: |           * o ..|
2024-03-04T00:37:02.023428+00:00 seruelas cloud-init[411]: |        S + = . o|
2024-03-04T00:37:02.023430+00:00 seruelas cloud-init[411]: |  +    . + = . E.|
2024-03-04T00:37:02.023431+00:00 seruelas cloud-init[411]: |oo + o. + + * o. |
2024-03-04T00:37:02.023432+00:00 seruelas cloud-init[411]: |o=..=.+o o * o .o|
2024-03-04T00:37:02.023433+00:00 seruelas cloud-init[411]: |+.o .*oo. o   .o.|
2024-03-04T00:37:02.023435+00:00 seruelas cloud-init[411]: +----[SHA256]-----+
2024-03-04T00:37:02.023436+00:00 seruelas cloud-init[411]: Generating public/private ed25519 key pair.
2024-03-04T00:37:02.023438+00:00 seruelas cloud-init[411]: Your identification has been saved in /etc/ssh/ssh_host_ed25519_key
2024-03-04T00:37:02.023440+00:00 seruelas cloud-init[411]: Your public key has been saved in /etc/ssh/ssh_host_ed25519_key.pub
2024-03-04T00:37:02.023441+00:00 seruelas cloud-init[411]: The key fingerprint is:
2024-03-04T00:37:02.023443+00:00 seruelas cloud-init[411]: SHA256:YzuaJ3Et7Nlz1/zk7FIpEjq8KndUBStaaOjhKeva9W4 root@seruelas
2024-03-04T00:37:02.023449+00:00 seruelas cloud-init[411]: The key's randomart image is:
2024-03-04T00:37:02.023450+00:00 seruelas cloud-init[411]: +--[ED25519 256]--+
2024-03-04T00:37:02.023451+00:00 seruelas cloud-init[411]: |           ..    |
2024-03-04T00:37:02.023452+00:00 seruelas cloud-init[411]: |      . .   ..   |
2024-03-04T00:37:02.023453+00:00 seruelas cloud-init[411]: |     o o o ..    |
2024-03-04T00:37:02.023454+00:00 seruelas cloud-init[411]: |    o + o .o     |
2024-03-04T00:37:02.023455+00:00 seruelas cloud-init[411]: |   . + oS.o .   .|
2024-03-04T00:37:02.023458+00:00 seruelas cloud-init[411]: |    o ..+B.. . ..|
2024-03-04T00:37:02.023459+00:00 seruelas cloud-init[411]: |   . . +++o . .+.|
2024-03-04T00:37:02.023460+00:00 seruelas cloud-init[411]: |  o ..oE++o . o+o|
2024-03-04T00:37:02.023462+00:00 seruelas cloud-init[411]: | ..o  B*o  o . o*|
2024-03-04T00:37:02.023463+00:00 seruelas cloud-init[411]: +----[SHA256]-----+
2024-03-04T00:37:02.023464+00:00 seruelas systemd[1]: Finished cloud-init.service - Initial cloud-init job (metadata service crawler).
2024-03-04T00:37:02.023467+00:00 seruelas systemd[1]: Reached target cloud-config.target - Cloud-config availability.
2024-03-04T00:37:02.023468+00:00 seruelas systemd[1]: Mounting proc-sys-fs-binfmt_misc.mount - Arbitrary Executable File Formats File System...
2024-03-04T00:37:02.023470+00:00 seruelas systemd[1]: Mounted proc-sys-fs-binfmt_misc.mount - Arbitrary Executable File Formats File System.
2024-03-04T00:37:02.023471+00:00 seruelas systemd[1]: Finished systemd-binfmt.service - Set Up Additional Binary Formats.
2024-03-04T00:37:02.023472+00:00 seruelas systemd-resolved[514]: Positive Trust Anchors:
2024-03-04T00:37:02.023474+00:00 seruelas systemd-resolved[514]: . IN DS 20326 8 2 e06d44b80b8f1d39a95c0b0d7c65d08458e880409bbc683457104237c7f8ec8d
2024-03-04T00:37:02.023476+00:00 seruelas systemd-resolved[514]: Negative trust anchors: home.arpa 10.in-addr.arpa 16.172.in-addr.arpa 17.172.in-addr.arpa 18.172.in-addr.arpa 19.172.in-addr.arpa 20.172.in-addr.arpa 21.172.in-addr.arpa 22.172.in-addr.arpa 23.172.in-addr.arpa 24.172.in-addr.arpa 25.172.in-addr.arpa 26.172.in-addr.arpa 27.172.in-addr.arpa 28.172.in-addr.arpa 29.172.in-addr.arpa 30.172.in-addr.arpa 31.172.in-addr.arpa 168.192.in-addr.arpa d.f.ip6.arpa corp home internal intranet lan local private test
2024-03-04T00:37:02.023478+00:00 seruelas systemd[1]: Started systemd-oomd.service - Userspace Out-Of-Memory (OOM) Killer.
2024-03-04T00:37:02.023479+00:00 seruelas systemd[1]: Started systemd-timesyncd.service - Network Time Synchronization.
2024-03-04T00:37:02.023480+00:00 seruelas systemd[1]: Reached target time-set.target - System Time Set.
2024-03-04T00:37:02.023481+00:00 seruelas systemd-resolved[514]: Using system hostname 'seruelas'.
2024-03-04T00:37:02.023484+00:00 seruelas systemd[1]: Started systemd-resolved.service - Network Name Resolution.
2024-03-04T00:37:02.023485+00:00 seruelas systemd[1]: Reached target nss-lookup.target - Host and Network Name Lookups.
2024-03-04T00:37:02.023487+00:00 seruelas apparmor.systemd[539]: Warning: found usr.sbin.sssd in /etc/apparmor.d/force-complain, forcing complain mode
2024-03-04T00:37:02.023488+00:00 seruelas apparmor.systemd[539]: Warning from /etc/apparmor.d (/etc/apparmor.d/usr.sbin.sssd line 60): Caching disabled for: 'usr.sbin.sssd' due to force complain
2024-03-04T00:37:02.023490+00:00 seruelas systemd[1]: Finished apparmor.service - Load AppArmor profiles.
2024-03-04T00:37:02.023491+00:00 seruelas systemd[1]: Starting snapd.apparmor.service - Load AppArmor profiles managed internally by snapd...
